2025-11-30 09:45:51,168 [INFO] Activator:176 - 


2025-11-30 09:45:51,172 [INFO] Activator:177 - !SESSION log4j initialized
2025-11-30 09:45:55,325 [INFO] LogOutputStream:77 - [STDOUT_REDIRECT] 
2025-11-30 09:45:56,068 [INFO] ApplicationProperties:184 - Using Application install path: C:\ST\STM32CubeIDE_1.19.0\STM32CubeIDE\plugins\com.st.stm32cube.common.mx_6.15.0.202507011659
2025-11-30 09:45:56,081 [INFO] DbMcusXml:78 - Set database path to: C:\ST\STM32CubeIDE_1.19.0\STM32CubeIDE\plugins\com.st.stm32cube.common.mx_6.15.0.202507011659\\db\/mcu/
2025-11-30 09:45:56,081 [INFO] ApiDb:274 - Set plugin database path to: C:\ST\STM32CubeIDE_1.19.0\STM32CubeIDE\plugins\com.st.stm32cube.common.mx_6.15.0.202507011659\\db\/plugins/boardmanager/
2025-11-30 09:45:56,081 [WARN] ApiDb:259 - Overriding images path with different value:  => C:\ST\STM32CubeIDE_1.19.0\STM32CubeIDE\plugins\com.st.stm32cube.common.mx_6.15.0.202507011659\\db\/plugins/mcufinder/images/
2025-11-30 09:45:56,087 [INFO] ApiDb:250 - Set database path to: C:\Users\akash\.stmcufinder\plugins\mcufinder//mcu/
2025-11-30 09:45:56,088 [INFO] DbMcusAds:125 - Set database path to: C:\Users\akash\.stmcufinder\plugins\mcufinder//mcu/
2025-11-30 09:45:56,090 [INFO] CrossReferenceDbSqlite:203 - Set database path to: C:\Users\akash\.stmcufinder\plugins\mcufinder//mcu/cs/
2025-11-30 09:45:56,181 [INFO] RulesReader:64 - Compatibility file has been processed (317 Rules)
2025-11-30 09:45:56,238 [INFO] DbMcusXml:78 - Set database path to: C:\ST\STM32CubeIDE_1.19.0\STM32CubeIDE\plugins\com.st.stm32cube.common.mx_6.15.0.202507011659\\db\/mcu/
2025-11-30 09:45:56,238 [INFO] ApiDb:274 - Set plugin database path to: C:\ST\STM32CubeIDE_1.19.0\STM32CubeIDE\plugins\com.st.stm32cube.common.mx_6.15.0.202507011659\\db\/plugins/boardmanager/
2025-11-30 09:45:56,239 [INFO] ApiDb:261 - Set plugin images path to: C:\ST\STM32CubeIDE_1.19.0\STM32CubeIDE\plugins\com.st.stm32cube.common.mx_6.15.0.202507011659\\db\/plugins/mcufinder/images/
2025-11-30 09:45:56,239 [WARN] DbFile:41 - Overriding database path with different value: C:\Users\akash\.stmcufinder\plugins\mcufinder/ => C:\Users\akash\.stmcufinder\plugins\mcufinder
2025-11-30 09:45:56,239 [INFO] ApiDb:250 - Set database path to: C:\Users\akash\.stmcufinder\plugins\mcufinder//mcu/
2025-11-30 09:45:56,239 [WARN] DbFile:41 - Overriding database path with different value: C:\Users\akash\.stmcufinder\plugins\mcufinder/ => C:\Users\akash\.stmcufinder\plugins\mcufinder
2025-11-30 09:45:56,239 [INFO] DbMcusAds:125 - Set database path to: C:\Users\akash\.stmcufinder\plugins\mcufinder//mcu/
2025-11-30 09:45:56,239 [WARN] DbFile:41 - Overriding database path with different value: C:\Users\akash\.stmcufinder\plugins\mcufinder/ => C:\Users\akash\.stmcufinder\plugins\mcufinder
2025-11-30 09:45:56,239 [WARN] DbFile:41 - Overriding database path with different value: C:\Users\akash\.stmcufinder\plugins\mcufinder/ => C:\Users\akash\.stmcufinder\plugins\mcufinder
2025-11-30 09:45:56,239 [INFO] CrossReferenceDbSqlite:203 - Set database path to: C:\Users\akash\.stmcufinder\plugins\mcufinder//mcu/cs/
2025-11-30 09:45:56,292 [INFO] MainPanel:274 - HeapMemory: 268435456
2025-11-30 09:45:56,370 [INFO] DbMcusXml:78 - Set database path to: C:\ST\STM32CubeIDE_1.19.0\STM32CubeIDE\plugins\com.st.stm32cube.common.mx_6.15.0.202507011659\\db\/mcu/
2025-11-30 09:45:56,370 [INFO] ApiDb:274 - Set plugin database path to: C:\ST\STM32CubeIDE_1.19.0\STM32CubeIDE\plugins\com.st.stm32cube.common.mx_6.15.0.202507011659\\db\/plugins/boardmanager/
2025-11-30 09:45:56,370 [INFO] ApiDb:261 - Set plugin images path to: C:\ST\STM32CubeIDE_1.19.0\STM32CubeIDE\plugins\com.st.stm32cube.common.mx_6.15.0.202507011659\\db\/plugins/mcufinder/images/
2025-11-30 09:45:56,370 [WARN] DbFile:41 - Overriding database path with different value: C:\Users\akash\.stmcufinder\plugins\mcufinder/ => C:\Users\akash\.stmcufinder\plugins\mcufinder
2025-11-30 09:45:56,370 [INFO] ApiDb:250 - Set database path to: C:\Users\akash\.stmcufinder\plugins\mcufinder//mcu/
2025-11-30 09:45:56,370 [WARN] DbFile:41 - Overriding database path with different value: C:\Users\akash\.stmcufinder\plugins\mcufinder/ => C:\Users\akash\.stmcufinder\plugins\mcufinder
2025-11-30 09:45:56,371 [INFO] DbMcusAds:125 - Set database path to: C:\Users\akash\.stmcufinder\plugins\mcufinder//mcu/
2025-11-30 09:45:56,371 [WARN] DbFile:41 - Overriding database path with different value: C:\Users\akash\.stmcufinder\plugins\mcufinder/ => C:\Users\akash\.stmcufinder\plugins\mcufinder
2025-11-30 09:45:56,371 [WARN] DbFile:41 - Overriding database path with different value: C:\Users\akash\.stmcufinder\plugins\mcufinder/ => C:\Users\akash\.stmcufinder\plugins\mcufinder
2025-11-30 09:45:56,371 [INFO] CrossReferenceDbSqlite:203 - Set database path to: C:\Users\akash\.stmcufinder\plugins\mcufinder//mcu/cs/
2025-11-30 09:45:56,383 [INFO] ApplicationProperties:184 - Using Application install path: C:\ST\STM32CubeIDE_1.19.0\STM32CubeIDE\plugins\com.st.stm32cube.common.mx_6.15.0.202507011659
2025-11-30 09:45:56,384 [INFO] PluginManage:196 - Search for loadable plugins [exclusion list=, ]
2025-11-30 09:45:56,386 [INFO] PluginManage:310 - Check plugin analytics
2025-11-30 09:45:56,517 [INFO] AnalyticsPlugin:253 - Accepted Software Licenses: STM32CubeMX.6.15.0
2025-11-30 09:45:56,517 [INFO] AnalyticsPlugin:255 - Accepted CMSIS Pack Licenses: STMicroelectronics.X-CUBE-AZRTOS-H7.3.3.0
2025-11-30 09:45:56,517 [INFO] AnalyticsPlugin:257 - Accepted Firmware Licenses: FW.H7.1.12.0,FW.G0.1.6.0,FW.G4.1.6.0
2025-11-30 09:45:56,520 [INFO] PluginManage:359 - Loaded plugin analytics (category:tool,tabindex:-1)
2025-11-30 09:45:56,521 [INFO] PluginManage:310 - Check plugin cadmodel
2025-11-30 09:45:56,525 [INFO] CADModel:105 - Init CAD model plugin
2025-11-30 09:45:56,525 [INFO] PluginManage:359 - Loaded plugin cadmodel (category:power,tabindex:5)
2025-11-30 09:45:56,525 [INFO] PluginManage:310 - Check plugin clock
2025-11-30 09:45:56,532 [INFO] PluginManage:359 - Loaded plugin clock (category:base,tabindex:2)
2025-11-30 09:45:56,532 [INFO] PluginManage:310 - Check plugin ddr
2025-11-30 09:45:56,534 [INFO] PluginManage:359 - Loaded plugin ddr (category:tool,tabindex:6)
2025-11-30 09:45:56,534 [INFO] PluginManage:310 - Check plugin filemanager
2025-11-30 09:45:56,658 [INFO] PluginManage:359 - Loaded plugin filemanager (category:base,tabindex:10)
2025-11-30 09:45:56,659 [INFO] PluginManage:310 - Check plugin ipmanager
2025-11-30 09:45:56,663 [INFO] PluginManage:359 - Loaded plugin ipmanager (category:base,tabindex:5)
2025-11-30 09:45:56,663 [INFO] PluginManage:310 - Check plugin lpbam
2025-11-30 09:45:56,670 [INFO] PluginManage:359 - Loaded plugin lpbam (category:base,tabindex:0)
2025-11-30 09:45:56,670 [INFO] PluginManage:310 - Check plugin memorymap
2025-11-30 09:45:56,683 [INFO] PluginManage:359 - Loaded plugin memorymap (category:base,tabindex:4)
2025-11-30 09:45:56,683 [INFO] PluginManage:310 - Check plugin pinoutandconfiguration
2025-11-30 09:45:56,690 [INFO] PluginManage:359 - Loaded plugin pinoutandconfiguration (category:base,tabindex:1)
2025-11-30 09:45:56,690 [INFO] PluginManage:310 - Check plugin pinoutconfig
2025-11-30 09:45:56,757 [WARN] SupportedApi:132 - Cannot load RTOS API schema: s4s-elt-must-match.1: The content of 'definitions' must match (annotation?, (simpleType | complexType)?, (unique | key | keyref)*)). A problem was found starting at: attribute.
2025-11-30 09:45:56,864 [INFO] PluginManage:359 - Loaded plugin pinoutconfig (category:base,tabindex:0)
2025-11-30 09:45:56,864 [INFO] PluginManage:310 - Check plugin power
2025-11-30 09:45:56,872 [INFO] PluginManage:359 - Loaded plugin power (category:power,tabindex:4)
2025-11-30 09:45:56,872 [INFO] PluginManage:310 - Check plugin projectmanager
2025-11-30 09:45:56,884 [INFO] PluginManage:359 - Loaded plugin projectmanager (category:projectmanager,tabindex:4)
2025-11-30 09:45:56,884 [INFO] PluginManage:310 - Check plugin rif
2025-11-30 09:45:56,895 [INFO] PluginManage:359 - Loaded plugin rif (category:base,tabindex:3)
2025-11-30 09:45:56,895 [INFO] PluginManage:310 - Check plugin thirdparty
2025-11-30 09:45:56,996 [INFO] PluginManage:359 - Loaded plugin thirdparty (category:base,tabindex:-1)
2025-11-30 09:45:56,997 [INFO] PluginManage:310 - Check plugin tools
2025-11-30 09:45:56,996 [WARN] IntegrityCheckThread:84 - waiting for thirdparty lock release [integrity check]
2025-11-30 09:45:56,997 [INFO] IntegrityCheckThread:86 - entering critical section [integrity check]
2025-11-30 09:45:56,997 [INFO] ThirdPartyUpdaterWithRetryManager:70 - Updater plugin not ready yet. [1/15]
2025-11-30 09:45:56,998 [INFO] PluginManage:359 - Loaded plugin tools (category:base,tabindex:7)
2025-11-30 09:45:56,998 [INFO] PluginManage:310 - Check plugin tutovideos
2025-11-30 09:45:57,147 [INFO] PluginManage:359 - Loaded plugin tutovideos (category:base,tabindex:-1)
2025-11-30 09:45:57,147 [INFO] PluginManage:310 - Check plugin updater
2025-11-30 09:45:57,164 [INFO] PluginManage:359 - Loaded plugin updater (category:base,tabindex:12)
2025-11-30 09:45:57,164 [INFO] PluginManage:310 - Check plugin userauth
2025-11-30 09:45:57,167 [INFO] UserAuth:118 - Init User Auth plugin
2025-11-30 09:45:57,167 [INFO] PluginManage:359 - Loaded plugin userauth (category:base,tabindex:14)
2025-11-30 09:45:57,167 [INFO] PluginManage:283 - PluginManage : Loaded plugins [18]
2025-11-30 09:45:57,320 [INFO] PinOutPanel:1589 - setPackage(No Configuration,No Configuration)
2025-11-30 09:45:57,379 [INFO] CADModel:165 - CPN selected for project level
2025-11-30 09:45:57,379 [INFO] CADModel:114 - Register for checkConnection events
2025-11-30 09:45:57,394 [INFO] IPUIPlugin:80 - create IPUIPlugin
2025-11-30 09:45:57,394 [INFO] PluginManager:220 - loadIPPluginJar : add adc
2025-11-30 09:45:57,395 [INFO] IPUIPlugin:80 - create IPUIPlugin
2025-11-30 09:45:57,395 [INFO] PluginManager:220 - loadIPPluginJar : add aes
2025-11-30 09:45:57,397 [INFO] IPUIPlugin:80 - create IPUIPlugin
2025-11-30 09:45:57,397 [INFO] PluginManager:220 - loadIPPluginJar : add can
2025-11-30 09:45:57,398 [INFO] IPUIPlugin:80 - create IPUIPlugin
2025-11-30 09:45:57,398 [INFO] PluginManager:220 - loadIPPluginJar : add comp
2025-11-30 09:45:57,400 [INFO] IPUIPlugin:80 - create IPUIPlugin
2025-11-30 09:45:57,400 [INFO] PluginManager:220 - loadIPPluginJar : add cryp
2025-11-30 09:45:57,402 [INFO] IPUIPlugin:80 - create IPUIPlugin
2025-11-30 09:45:57,402 [INFO] PluginManager:220 - loadIPPluginJar : add ddr_ctrl_phy
2025-11-30 09:45:57,404 [INFO] IPUIPlugin:80 - create IPUIPlugin
2025-11-30 09:45:57,404 [INFO] PluginManager:220 - loadIPPluginJar : add dfsdm
2025-11-30 09:45:57,408 [INFO] IPUIPlugin:80 - create IPUIPlugin
2025-11-30 09:45:57,408 [INFO] PluginManager:220 - loadIPPluginJar : add dma
2025-11-30 09:45:57,410 [INFO] IPUIPlugin:80 - create IPUIPlugin
2025-11-30 09:45:57,410 [INFO] PluginManager:220 - loadIPPluginJar : add dma3
2025-11-30 09:45:57,412 [INFO] IPUIPlugin:80 - create IPUIPlugin
2025-11-30 09:45:57,412 [INFO] PluginManager:220 - loadIPPluginJar : add extmemmanager
2025-11-30 09:45:57,414 [INFO] IPUIPlugin:80 - create IPUIPlugin
2025-11-30 09:45:57,414 [INFO] PluginManager:220 - loadIPPluginJar : add fatfs
2025-11-30 09:45:57,416 [INFO] IPUIPlugin:80 - create IPUIPlugin
2025-11-30 09:45:57,416 [INFO] PluginManager:220 - loadIPPluginJar : add fmc
2025-11-30 09:45:57,421 [INFO] IPUIPlugin:80 - create IPUIPlugin
2025-11-30 09:45:57,421 [INFO] PluginManager:220 - loadIPPluginJar : add freertos
2025-11-30 09:45:57,422 [INFO] IPUIPlugin:80 - create IPUIPlugin
2025-11-30 09:45:57,422 [INFO] PluginManager:220 - loadIPPluginJar : add genericplugin
2025-11-30 09:45:57,423 [INFO] IPUIPlugin:80 - create IPUIPlugin
2025-11-30 09:45:57,423 [INFO] PluginManager:220 - loadIPPluginJar : add gfxmmu
2025-11-30 09:45:57,428 [INFO] IPUIPlugin:80 - create IPUIPlugin
2025-11-30 09:45:57,428 [INFO] PluginManager:220 - loadIPPluginJar : add gic
2025-11-30 09:45:57,431 [INFO] IPUIPlugin:80 - create IPUIPlugin
2025-11-30 09:45:57,431 [INFO] PluginManager:220 - loadIPPluginJar : add gpio
2025-11-30 09:45:57,433 [INFO] IPUIPlugin:80 - create IPUIPlugin
2025-11-30 09:45:57,434 [INFO] PluginManager:220 - loadIPPluginJar : add gtzc
2025-11-30 09:45:57,435 [INFO] IPUIPlugin:80 - create IPUIPlugin
2025-11-30 09:45:57,435 [INFO] PluginManager:220 - loadIPPluginJar : add hash
2025-11-30 09:45:57,437 [INFO] IPUIPlugin:80 - create IPUIPlugin
2025-11-30 09:45:57,437 [INFO] PluginManager:220 - loadIPPluginJar : add i2c
2025-11-30 09:45:57,438 [INFO] IPUIPlugin:80 - create IPUIPlugin
2025-11-30 09:45:57,438 [INFO] PluginManager:220 - loadIPPluginJar : add i2s
2025-11-30 09:45:57,441 [INFO] IPUIPlugin:80 - create IPUIPlugin
2025-11-30 09:45:57,441 [INFO] PluginManager:220 - loadIPPluginJar : add i3c
2025-11-30 09:45:57,443 [INFO] IPUIPlugin:80 - create IPUIPlugin
2025-11-30 09:45:57,443 [INFO] PluginManager:220 - loadIPPluginJar : add ipddr
2025-11-30 09:45:57,448 [INFO] IPUIPlugin:80 - create IPUIPlugin
2025-11-30 09:45:57,448 [INFO] PluginManager:220 - loadIPPluginJar : add linkedlist
2025-11-30 09:45:57,451 [INFO] IPUIPlugin:80 - create IPUIPlugin
2025-11-30 09:45:57,451 [INFO] PluginManager:220 - loadIPPluginJar : add lorawan
2025-11-30 09:45:57,452 [INFO] IPUIPlugin:80 - create IPUIPlugin
2025-11-30 09:45:57,452 [INFO] PluginManager:220 - loadIPPluginJar : add ltdc
2025-11-30 09:45:57,456 [INFO] IPUIPlugin:80 - create IPUIPlugin
2025-11-30 09:45:57,456 [INFO] PluginManager:220 - loadIPPluginJar : add mdma
2025-11-30 09:45:57,458 [INFO] IPUIPlugin:80 - create IPUIPlugin
2025-11-30 09:45:57,458 [INFO] PluginManager:220 - loadIPPluginJar : add nvic
2025-11-30 09:45:57,460 [INFO] IPUIPlugin:80 - create IPUIPlugin
2025-11-30 09:45:57,461 [INFO] PluginManager:220 - loadIPPluginJar : add opamp
2025-11-30 09:45:57,463 [INFO] IPUIPlugin:80 - create IPUIPlugin
2025-11-30 09:45:57,463 [INFO] PluginManager:220 - loadIPPluginJar : add openamp
2025-11-30 09:45:57,466 [INFO] IPUIPlugin:80 - create IPUIPlugin
2025-11-30 09:45:57,466 [INFO] PluginManager:220 - loadIPPluginJar : add pdm2pcm
2025-11-30 09:45:57,469 [INFO] IPUIPlugin:80 - create IPUIPlugin
2025-11-30 09:45:57,471 [INFO] PluginManager:220 - loadIPPluginJar : add plateformsettings
2025-11-30 09:45:57,473 [INFO] IPUIPlugin:80 - create IPUIPlugin
2025-11-30 09:45:57,473 [INFO] PluginManager:220 - loadIPPluginJar : add quadspi
2025-11-30 09:45:57,475 [INFO] IPUIPlugin:80 - create IPUIPlugin
2025-11-30 09:45:57,475 [INFO] PluginManager:220 - loadIPPluginJar : add radio
2025-11-30 09:45:57,477 [INFO] IPUIPlugin:80 - create IPUIPlugin
2025-11-30 09:45:57,477 [INFO] PluginManager:220 - loadIPPluginJar : add resmgrutility
2025-11-30 09:45:57,481 [INFO] IPUIPlugin:80 - create IPUIPlugin
2025-11-30 09:45:57,481 [INFO] PluginManager:220 - loadIPPluginJar : add sai
2025-11-30 09:45:57,483 [INFO] IPUIPlugin:80 - create IPUIPlugin
2025-11-30 09:45:57,483 [INFO] PluginManager:220 - loadIPPluginJar : add spi
2025-11-30 09:45:57,487 [INFO] IPUIPlugin:80 - create IPUIPlugin
2025-11-30 09:45:57,487 [INFO] PluginManager:220 - loadIPPluginJar : add stm32_wpan
2025-11-30 09:45:57,489 [INFO] IPUIPlugin:80 - create IPUIPlugin
2025-11-30 09:45:57,489 [INFO] PluginManager:220 - loadIPPluginJar : add tim
2025-11-30 09:45:57,491 [INFO] IPUIPlugin:80 - create IPUIPlugin
2025-11-30 09:45:57,491 [INFO] PluginManager:220 - loadIPPluginJar : add touchsensing
2025-11-30 09:45:57,494 [INFO] IPUIPlugin:80 - create IPUIPlugin
2025-11-30 09:45:57,494 [INFO] PluginManager:220 - loadIPPluginJar : add tracer_emb
2025-11-30 09:45:57,495 [INFO] IPUIPlugin:80 - create IPUIPlugin
2025-11-30 09:45:57,495 [INFO] PluginManager:220 - loadIPPluginJar : add ts
2025-11-30 09:45:57,496 [INFO] IPUIPlugin:80 - create IPUIPlugin
2025-11-30 09:45:57,497 [INFO] PluginManager:220 - loadIPPluginJar : add tsc
2025-11-30 09:45:57,499 [INFO] IPUIPlugin:80 - create IPUIPlugin
2025-11-30 09:45:57,499 [INFO] PluginManager:220 - loadIPPluginJar : add ucpd
2025-11-30 09:45:57,501 [INFO] IPUIPlugin:80 - create IPUIPlugin
2025-11-30 09:45:57,501 [INFO] PluginManager:220 - loadIPPluginJar : add usart
2025-11-30 09:45:57,504 [INFO] IPUIPlugin:80 - create IPUIPlugin
2025-11-30 09:45:57,504 [INFO] PluginManager:220 - loadIPPluginJar : add usbx
2025-11-30 09:45:57,617 [FATAL] Updater:351 - Updater called before beeing initialized
2025-11-30 09:45:57,638 [INFO] RulesReader:64 - Compatibility file has been processed (317 Rules)
2025-11-30 09:45:57,647 [INFO] RulesReader:64 - Compatibility file has been processed (317 Rules)
2025-11-30 09:45:57,653 [INFO] CADModel:165 - CPN selected for project level
2025-11-30 09:45:57,653 [INFO] CADModel:114 - Register for checkConnection events
2025-11-30 09:45:57,653 [FATAL] Updater:351 - Updater called before beeing initialized
2025-11-30 09:45:57,653 [ERROR] CADModel:125 - Updater not yet initialized, retry later 
2025-11-30 09:45:57,759 [FATAL] Updater:351 - Updater called before beeing initialized
2025-11-30 09:45:57,761 [INFO] CADModel:165 - CPN selected for project level
2025-11-30 09:45:57,761 [INFO] CADModel:114 - Register for checkConnection events
2025-11-30 09:45:57,761 [FATAL] Updater:351 - Updater called before beeing initialized
2025-11-30 09:45:57,761 [ERROR] CADModel:125 - Updater not yet initialized, retry later 
2025-11-30 09:45:57,763 [FATAL] Updater:351 - Updater called before beeing initialized
2025-11-30 09:45:57,861 [FATAL] Updater:351 - Updater called before beeing initialized
2025-11-30 09:45:57,864 [INFO] DbMcusAds:53 - JSON generation date=Tue Nov 25 06:08:32 PST 2025 (1764079712835)
2025-11-30 09:45:57,864 [FATAL] Updater:351 - Updater called before beeing initialized
2025-11-30 09:45:57,894 [WARN] DetailPanel:346 - Failed to get advertising image, set to default
2025-11-30 09:45:57,955 [FATAL] Updater:351 - Updater called before beeing initialized
2025-11-30 09:45:57,956 [FATAL] Updater:351 - Updater called before beeing initialized
2025-11-30 09:45:57,956 [FATAL] Updater:351 - Updater called before beeing initialized
2025-11-30 09:45:57,956 [WARN] DetailPanel:346 - Failed to get advertising image, set to default
2025-11-30 09:45:57,957 [FATAL] Updater:351 - Updater called before beeing initialized
2025-11-30 09:45:57,991 [ERROR] Updater:1198 - MainUpdater not yet initialized. External WinMGr cannot be set.
2025-11-30 09:45:57,992 [INFO] Updater:1134 - Updater Version found : 6.15.0
2025-11-30 09:45:58,003 [INFO] ApplicationProperties:184 - Using Application install path: C:\ST\STM32CubeIDE_1.19.0\STM32CubeIDE\plugins\com.st.stm32cube.common.mx_6.15.0.202507011659
2025-11-30 09:45:59,570 [ERROR] LogOutputStream:75 - [STDERR_REDIRECT] Nov 30, 2025 9:45:59 AM java.util.prefs.WindowsPreferences <init>
2025-11-30 09:45:59,572 [ERROR] LogOutputStream:75 - [STDERR_REDIRECT] WARNING: Could not open/create prefs root node Software\JavaSoft\Prefs at root 0xffffffff80000002. Windows RegCreateKeyEx(...) returned error code 5.
2025-11-30 09:45:59,572 [ERROR] LogOutputStream:75 - [STDERR_REDIRECT] 
2025-11-30 09:45:59,763 [INFO] MainUpdater:2872 - connection check result : 10
2025-11-30 09:45:59,764 [INFO] MainUpdater:289 - Updater Check For Update Now.
2025-11-30 09:45:59,764 [INFO] MicroXplorer:498 - Change Database Version : DB.6.0.150
2025-11-30 09:45:59,769 [INFO] McuFinderGlobals:63 - Set McuFinder mode to 2 (CubeIDE integrated)
2025-11-30 09:45:59,770 [INFO] UserAuth:487 - Internet connection configuration mode: 1
2025-11-30 09:45:59,788 [INFO] JxBrowserEngine:152 - Initiate JxBrowser Engine with user profile folder
2025-11-30 09:45:59,929 [INFO] CheckServerUpdateThread:120 - End of CheckServer Thread
2025-11-30 09:46:00,179 [WARN] PackLoader:240 - Cannot read IP mode file for STMicroelectronics.FP-SNS-MOTENVWB1.1.4.0
2025-11-30 09:46:00,186 [WARN] PackLoader:240 - Cannot read IP mode file for STMicroelectronics.FP-ATR-ASTRA1.2.0.2
2025-11-30 09:46:00,192 [WARN] PackLoader:240 - Cannot read IP mode file for STMicroelectronics.X-CUBE-SMBUS.2.1.0
2025-11-30 09:46:00,196 [WARN] PackLoader:240 - Cannot read IP mode file for STMicroelectronics.X-CUBE-ST60.1.0.0
2025-11-30 09:46:00,220 [WARN] PackLoader:240 - Cannot read IP mode file for STMicroelectronics.X-CUBE-AZRTOS-F7.1.1.0
2025-11-30 09:46:00,226 [WARN] PackLoader:240 - Cannot read IP mode file for STMicroelectronics.FP-SNS-MOTENV1.5.1.0
2025-11-30 09:46:00,243 [WARN] PackLoader:240 - Cannot read IP mode file for Infineon.AIROC-Wi-Fi-Bluetooth-STM32.1.7.1
2025-11-30 09:46:00,264 [WARN] PackLoader:240 - Cannot read IP mode file for STMicroelectronics.X-CUBE-AZRTOS-H7.3.4.0
2025-11-30 09:46:00,271 [WARN] PackLoader:240 - Cannot read IP mode file for STMicroelectronics.X-CUBE-DISPLAY.3.0.0
2025-11-30 09:46:00,278 [WARN] PackLoader:240 - Cannot read IP mode file for STMicroelectronics.X-CUBE-NFC10.1.0.0
2025-11-30 09:46:00,284 [WARN] PackLoader:240 - Cannot read IP mode file for STMicroelectronics.X-CUBE-ST60.1.1.0
2025-11-30 09:46:00,288 [WARN] PackLoader:240 - Cannot read IP mode file for emotas.I-CUBE-CANOPEN.1.3.0
2025-11-30 09:46:00,291 [WARN] PackLoader:240 - Cannot read IP mode file for STMicroelectronics.X-CUBE-GNSS1.7.1.0
2025-11-30 09:46:00,297 [WARN] PackLoader:240 - Cannot read IP mode file for STMicroelectronics.FP-SNS-STBOX1.2.1.0
2025-11-30 09:46:00,302 [WARN] PackLoader:240 - Cannot read IP mode file for STMicroelectronics.FP-SNS-SMARTAG2.1.2.0
2025-11-30 09:46:00,304 [WARN] PackLoader:240 - Cannot read IP mode file for STMicroelectronics.FP-SNS-FLIGHT1.5.1.0
2025-11-30 09:46:00,310 [INFO] LogOutputStream:77 - [STDOUT_REDIRECT] 1 : Invalid condition id : UX_CORESTACK_Condition cause : null
2025-11-30 09:46:00,310 [INFO] LogOutputStream:77 - [STDOUT_REDIRECT] 1 : Invalid condition id : UX_CORESTACK_Condition cause : null
2025-11-30 09:46:00,311 [INFO] LogOutputStream:77 - [STDOUT_REDIRECT] 1 : Invalid condition id : UX_CORESTACK_Condition cause : null
2025-11-30 09:46:00,312 [INFO] LogOutputStream:77 - [STDOUT_REDIRECT] 1 : Invalid condition id : UX_CORESTACK_Condition cause : null
2025-11-30 09:46:00,313 [INFO] LogOutputStream:77 - [STDOUT_REDIRECT] 1 : Invalid condition id : UX_CORESTACK_Condition cause : null
2025-11-30 09:46:00,315 [WARN] PackLoader:240 - Cannot read IP mode file for STMicroelectronics.X-CUBE-AZRTOS-WL.2.0.0
2025-11-30 09:46:00,318 [WARN] PackLoader:240 - Cannot read IP mode file for STMicroelectronics.FP-SNS-MOTENV1.5.0.0
2025-11-30 09:46:00,331 [WARN] PackLoader:240 - Cannot read IP mode file for STMicroelectronics.X-CUBE-AZRTOS-H7RS.1.2.0
2025-11-30 09:46:00,338 [WARN] PackLoader:240 - Cannot read IP mode file for WES.I-CUBE-Cesium.1.3.0
2025-11-30 09:46:00,342 [WARN] PackLoader:240 - Cannot read IP mode file for STMicroelectronics.X-CUBE-BLE2.3.3.0
2025-11-30 09:46:00,362 [WARN] PackLoader:240 - Cannot read IP mode file for STMicroelectronics.X-CUBE-NFC9.1.0.0
2025-11-30 09:46:00,366 [WARN] PackLoader:240 - Cannot read IP mode file for wolfSSL.I-CUBE-wolfSSL.5.8.0
2025-11-30 09:46:00,369 [WARN] PackLoader:240 - Cannot read IP mode file for STMicroelectronics.X-CUBE-BLE1.7.1.0
2025-11-30 09:46:00,372 [WARN] PackLoader:240 - Cannot read IP mode file for wolfSSL.I-CUBE-wolfMQTT.1.19.2
2025-11-30 09:46:00,377 [WARN] PackLoader:240 - Cannot read IP mode file for STMicroelectronics.X-CUBE-FREERTOS.1.4.0
2025-11-30 09:46:00,381 [WARN] PackLoader:240 - Cannot read IP mode file for STMicroelectronics.X-CUBE-EEPRMA1.5.2.0
2025-11-30 09:46:00,385 [WARN] PackLoader:240 - Cannot read IP mode file for STMicroelectronics.X-CUBE-ST67W61.1.1.0
2025-11-30 09:46:00,389 [WARN] PackLoader:240 - Cannot read IP mode file for STMicroelectronics.X-CUBE-AI.10.1.0
2025-11-30 09:46:00,414 [WARN] PackLoader:240 - Cannot read IP mode file for STMicroelectronics.X-CUBE-MEMS1.12.0.0
2025-11-30 09:46:00,536 [WARN] PackLoader:240 - Cannot read IP mode file for STMicroelectronics.X-CUBE-AZRTOS-G0.1.1.0
2025-11-30 09:46:00,545 [WARN] PackLoader:240 - Cannot read IP mode file for STMicroelectronics.X-CUBE-SAFEA1.1.2.2
2025-11-30 09:46:00,551 [WARN] PackLoader:240 - Cannot read IP mode file for STMicroelectronics.X-CUBE-NFC4.3.0.0
2025-11-30 09:46:00,560 [WARN] PackLoader:240 - Cannot read IP mode file for EmbeddedOffice.I-CUBE-FS-RTOS.1.0.1
2025-11-30 09:46:00,566 [WARN] PackLoader:240 - Cannot read IP mode file for STMicroelectronics.X-CUBE-WB05N.2.0.0
2025-11-30 09:46:00,570 [WARN] PackLoader:240 - Cannot read IP mode file for wolfSSL.I-CUBE-wolfTPM.3.8.0
2025-11-30 09:46:00,576 [WARN] PackLoader:240 - Cannot read IP mode file for STMicroelectronics.X-CUBE-TCPP.4.2.0
2025-11-30 09:46:00,581 [WARN] PackLoader:240 - Cannot read IP mode file for RealThread.X-CUBE-RT-Thread_Nano.4.1.1
2025-11-30 09:46:00,585 [WARN] PackLoader:240 - Cannot read IP mode file for STMicroelectronics.FP-ATR-SIGFOX1.3.2.0
2025-11-30 09:46:00,589 [WARN] PackLoader:240 - Cannot read IP mode file for ITTIA_DB.I-CUBE-ITTIADB.8.9.0
2025-11-30 09:46:00,593 [WARN] PackLoader:240 - Cannot read IP mode file for STMicroelectronics.X-CUBE-ST67W61.1.0.0
2025-11-30 09:46:00,596 [WARN] PackLoader:240 - Cannot read IP mode file for STMicroelectronics.X-CUBE-AI.10.2.0
2025-11-30 09:46:00,613 [WARN] PackLoader:240 - Cannot read IP mode file for SEGGER.I-CUBE-embOS.1.3.1
2025-11-30 09:46:00,648 [WARN] PackLoader:240 - Cannot read IP mode file for STMicroelectronics.X-CUBE-ALGOBUILD.1.4.0
2025-11-30 09:46:00,687 [WARN] PackLoader:240 - Cannot read IP mode file for STMicroelectronics.X-CUBE-MEMS1.11.3.0
2025-11-30 09:46:00,792 [WARN] PackLoader:240 - Cannot read IP mode file for STMicroelectronics.X-CUBE-PM33A1.1.0.0
2025-11-30 09:46:00,803 [WARN] PackLoader:240 - Cannot read IP mode file for STMicroelectronics.X-CUBE-AZRTOS-F4.1.1.0
2025-11-30 09:46:00,806 [WARN] PackLoader:240 - Cannot read IP mode file for Avnet-IotConnect.X-CUBE-IoTC-DA16k-PMOD.1.0.0
2025-11-30 09:46:00,810 [WARN] PackLoader:240 - Cannot read IP mode file for STMicroelectronics.X-CUBE-ISPU.2.1.0
2025-11-30 09:46:00,817 [WARN] PackLoader:240 - Cannot read IP mode file for STMicroelectronics.X-CUBE-IPS.3.2.0
2025-11-30 09:46:00,824 [WARN] PackLoader:240 - Cannot read IP mode file for STMicroelectronics.X-CUBE-NFC12.1.0.0
2025-11-30 09:46:00,834 [WARN] PackLoader:240 - Cannot read IP mode file for STMicroelectronics.X-CUBE-AZRTOS-L5.2.0.0
2025-11-30 09:46:00,841 [WARN] PackLoader:240 - Cannot read IP mode file for STMicroelectronics.X-CUBE-NFC6.3.1.0
2025-11-30 09:46:00,845 [WARN] PackLoader:240 - Cannot read IP mode file for STMicroelectronics.X-CUBE-FREERTOS.1.3.1
2025-11-30 09:46:00,848 [WARN] PackLoader:240 - Cannot read IP mode file for STMicroelectronics.X-CUBE-TOUCHGFX.4.26.0
2025-11-30 09:46:00,892 [INFO] WebApp:169 - Instantiating new browser for Auth
2025-11-30 09:46:00,900 [WARN] PackLoader:240 - Cannot read IP mode file for STMicroelectronics.FP-SNS-STAIOTCFT.1.0.0
2025-11-30 09:46:00,903 [WARN] PackLoader:240 - Cannot read IP mode file for STMicroelectronics.X-CUBE-DPower.1.3.0
2025-11-30 09:46:00,921 [WARN] ConditionMgr:438 - getConditionDescription Invalid condition id : LAN8742 Phy interface Condition cause : null
2025-11-30 09:46:00,921 [WARN] PackLoader:240 - Cannot read IP mode file for STMicroelectronics.X-CUBE-AZRTOS-L4.2.0.0
2025-11-30 09:46:00,923 [WARN] ConditionMgr:1044 - genDependencies : Invalid condition id : LAN8742 Phy interface Condition cause : null
2025-11-30 09:46:00,923 [WARN] ConditionMgr:1044 - genDependencies : Invalid condition id : LAN8742 Phy interface Condition cause : null
2025-11-30 09:46:00,924 [WARN] ConditionMgr:1044 - genDependencies : Invalid condition id : LAN8742 Phy interface Condition cause : null
2025-11-30 09:46:00,932 [WARN] PackLoader:240 - Cannot read IP mode file for STMicroelectronics.X-CUBE-SFXS2LP1.4.0.0
2025-11-30 09:46:00,951 [WARN] PackLoader:240 - Cannot read IP mode file for STMicroelectronics.X-CUBE-AZRTOS-H7.3.3.0
2025-11-30 09:46:01,168 [WARN] PackLoader:240 - Cannot read IP mode file for STMicroelectronics.X-CUBE-BLEMGR.4.1.0
2025-11-30 09:46:01,176 [WARN] ConditionMgr:438 - getConditionDescription Invalid condition id : UX DEVICE CLASS RTOS Condition cause : null
2025-11-30 09:46:01,176 [WARN] ConditionMgr:438 - getConditionDescription Invalid condition id : UX DEVICE CLASS RTOS Condition cause : null
2025-11-30 09:46:01,178 [WARN] PackLoader:240 - Cannot read IP mode file for STMicroelectronics.X-CUBE-AZRTOS-WB.2.0.0
2025-11-30 09:46:01,178 [WARN] ConditionMgr:1044 - genDependencies : Invalid condition id : UX DEVICE CLASS RTOS Condition cause : null
2025-11-30 09:46:01,178 [WARN] ConditionMgr:1044 - genDependencies : Invalid condition id : UX DEVICE CLASS RTOS Condition cause : null
2025-11-30 09:46:01,179 [WARN] ConditionMgr:1044 - genDependencies : Invalid condition id : UX DEVICE CLASS RTOS Condition cause : null
2025-11-30 09:46:01,179 [WARN] ConditionMgr:1044 - genDependencies : Invalid condition id : UX DEVICE CLASS RTOS Condition cause : null
2025-11-30 09:46:01,179 [WARN] ConditionMgr:1044 - genDependencies : Invalid condition id : UX DEVICE CLASS RTOS Condition cause : null
2025-11-30 09:46:01,182 [WARN] PackLoader:240 - Cannot read IP mode file for STMicroelectronics.X-CUBE-GNSS1.7.0.1
2025-11-30 09:46:01,185 [WARN] PackLoader:240 - Cannot read IP mode file for STMicroelectronics.X-CUBE-TOUCHGFX.4.25.0
2025-11-30 09:46:01,188 [WARN] PackLoader:240 - Cannot read IP mode file for STMicroelectronics.FP-SNS-STBOX1.2.0.0
2025-11-30 09:46:01,193 [WARN] ConditionMgr:438 - getConditionDescription Invalid condition id : Cortex-A Device cause : null
2025-11-30 09:46:01,198 [WARN] ConditionMgr:1044 - genDependencies : Invalid condition id : Cortex-A Device cause : null
2025-11-30 09:46:01,198 [WARN] ConditionMgr:1044 - genDependencies : Invalid condition id : Cortex-A Device cause : null
2025-11-30 09:46:01,198 [WARN] ConditionMgr:1044 - genDependencies : Invalid condition id : Cortex-A Device cause : null
2025-11-30 09:46:01,204 [WARN] PackLoader:240 - Cannot read IP mode file for STMicroelectronics.X-CUBE-SUBG2.5.0.0
2025-11-30 09:46:01,219 [WARN] PackLoader:240 - Cannot read IP mode file for STMicroelectronics.X-CUBE-AZRTOS-H7RS.1.1.0
2025-11-30 09:46:01,223 [WARN] PackLoader:240 - Cannot read IP mode file for Cesanta.I-CUBE-Mongoose.7.13.0
2025-11-30 09:46:01,231 [WARN] PackLoader:240 - Cannot read IP mode file for STMicroelectronics.X-CUBE-AZRTOS-G4.2.0.0
2025-11-30 09:46:01,235 [WARN] PackLoader:240 - Cannot read IP mode file for wolfSSL.I-CUBE-wolfSSH.1.4.20
2025-11-30 09:46:01,238 [WARN] PackLoader:240 - Cannot read IP mode file for STMicroelectronics.X-CUBE-NFC7.2.0.0
2025-11-30 09:46:01,245 [WARN] PackLoader:240 - Cannot read IP mode file for STMicroelectronics.X-CUBE-IPS.3.1.0
2025-11-30 09:46:01,251 [WARN] PackLoader:240 - Cannot read IP mode file for STMicroelectronics.X-CUBE-ALS.1.0.2
2025-11-30 09:46:01,255 [WARN] PackLoader:240 - Cannot read IP mode file for STMicroelectronics.X-CUBE-STSE01.1.0.0
2025-11-30 09:46:01,260 [WARN] PackLoader:240 - Cannot read IP mode file for portGmbH.I-Cube-SoM-uGOAL.1.1.0
2025-11-30 09:46:01,265 [WARN] PackLoader:240 - Cannot read IP mode file for STMicroelectronics.X-CUBE-TOF1.3.4.3
2025-11-30 09:46:01,270 [INFO] ThirdParty:978 - Integrity check success = true
2025-11-30 09:46:01,270 [INFO] IntegrityCheckThread:100 - exiting critical section [integrity check]
2025-11-30 09:46:01,270 [INFO] IntegrityCheckThread:103 - End integrity checks thread
2025-11-30 09:46:01,554 [INFO] WebApp:463 - Apply proxy settings
2025-11-30 09:46:01,554 [INFO] WebApp:548 - Chromium requires no authentication
2025-11-30 09:46:01,562 [INFO] WebApp:491 - Direct internet connection detected
2025-11-30 09:46:01,582 [INFO] WebApp:900 - Register for checkConnection events
2025-11-30 09:46:01,582 [INFO] WebApp:463 - Apply proxy settings
2025-11-30 09:46:01,582 [INFO] WebApp:548 - Chromium requires no authentication
2025-11-30 09:46:01,582 [INFO] WebApp:491 - Direct internet connection detected
2025-11-30 09:46:01,731 [INFO] WebApp:225 - Starting web application
2025-11-30 09:46:01,731 [INFO] WebApp:593 - Web application path used C:\ST\STM32CubeIDE_1.19.0\STM32CubeIDE\plugins\com.st.stm32cube.common.mx_6.15.0.202507011659\db\plugins\mcufinder\reactClient1\index.html
2025-11-30 09:46:01,731 [INFO] WebApp:191 - Connection restablished
2025-11-30 09:46:01,881 [INFO] UserAuth:487 - Internet connection configuration mode: 1
2025-11-30 09:46:02,144 [ERROR] LogOutputStream:75 - [STDERR_REDIRECT] [Fatal Error] :1:1: Premature end of file.
2025-11-30 09:46:02,144 [ERROR] LogOutputStream:75 - [STDERR_REDIRECT] 
2025-11-30 09:46:02,930 [ERROR] LogOutputStream:75 - [STDERR_REDIRECT] [Fatal Error] :1:1: Premature end of file.
2025-11-30 09:46:02,930 [ERROR] LogOutputStream:75 - [STDERR_REDIRECT] 
2025-11-30 09:46:03,926 [ERROR] LogOutputStream:75 - [STDERR_REDIRECT] [Fatal Error] :1:1: Premature end of file.
2025-11-30 09:46:03,926 [ERROR] LogOutputStream:75 - [STDERR_REDIRECT] 
2025-11-30 09:46:04,927 [ERROR] LogOutputStream:75 - [STDERR_REDIRECT] [Fatal Error] :1:1: Premature end of file.
2025-11-30 09:46:04,929 [ERROR] LogOutputStream:75 - [STDERR_REDIRECT] 
2025-11-30 09:46:05,927 [ERROR] LogOutputStream:75 - [STDERR_REDIRECT] [Fatal Error] :1:1: Premature end of file.
2025-11-30 09:46:05,927 [ERROR] LogOutputStream:75 - [STDERR_REDIRECT] 
2025-11-30 09:46:06,927 [ERROR] LogOutputStream:75 - [STDERR_REDIRECT] [Fatal Error] :1:1: Premature end of file.
2025-11-30 09:46:06,927 [ERROR] LogOutputStream:75 - [STDERR_REDIRECT] 
2025-11-30 09:46:07,928 [ERROR] LogOutputStream:75 - [STDERR_REDIRECT] [Fatal Error] :1:1: Premature end of file.
2025-11-30 09:46:07,928 [ERROR] LogOutputStream:75 - [STDERR_REDIRECT] 
2025-11-30 09:46:08,931 [ERROR] LogOutputStream:75 - [STDERR_REDIRECT] [Fatal Error] :1:1: Premature end of file.
2025-11-30 09:46:08,932 [ERROR] LogOutputStream:75 - [STDERR_REDIRECT] 
2025-11-30 09:46:09,936 [ERROR] LogOutputStream:75 - [STDERR_REDIRECT] [Fatal Error] :1:1: Premature end of file.
2025-11-30 09:46:09,936 [ERROR] LogOutputStream:75 - [STDERR_REDIRECT] 
2025-11-30 09:46:10,839 [ERROR] LogOutputStream:75 - [STDERR_REDIRECT] 
