16:54:51 **** Incremental Build of configuration Debug for project semaphore ****
make -j12 all 
arm-none-eabi-gcc "../Core/Src/main.c" -mcpu=cortex-m0plus -std=gnu11 -g3 -DDEBUG -DUSE_HAL_DRIVER -DSTM32G031xx -DSTM32_THREAD_SAFE_STRATEGY=2 -c -I../Core/Inc -I../Drivers/STM32G0xx_HAL_Driver/Inc -I../Drivers/STM32G0xx_HAL_Driver/Inc/Legacy -I../Drivers/CMSIS/Device/ST/STM32G0xx/Include -I../Drivers/CMSIS/Include -I../Core/ThreadSafe -O0 -ffunction-sections -fdata-sections -Wall -fstack-usage -fcyclomatic-complexity -MMD -MP -MF"Core/Src/main.d" -MT"Core/Src/main.o" --specs=nano.specs -mfloat-abi=soft -mthumb -o "Core/Src/main.o"
arm-none-eabi-gcc -o "semaphore.elf" @"objects.list"   -mcpu=cortex-m0plus -T"C:\Users\akash\Documents\git\STMPlayground\NUCLEO_G031K8\semaphore\STM32G031K8TX_FLASH.ld" --specs=nosys.specs -Wl,-Map="semaphore.map" -Wl,--gc-sections -static --specs=nano.specs -mfloat-abi=soft -mthumb -Wl,--start-group -lc -lm -Wl,--end-group
Finished building target: semaphore.elf
 
arm-none-eabi-size  semaphore.elf 
arm-none-eabi-objdump -h -S semaphore.elf  > "semaphore.list"
   text	   data	    bss	    dec	    hex	filename
  11544	     12	   1868	  13424	   3470	semaphore.elf
Finished building: default.size.stdout
 
Finished building: semaphore.list
 
16:54:54 **** Incremental Build of configuration Debug for project semaphore ****
make -j12 all 
arm-none-eabi-size  semaphore.elf 
   text	   data	    bss	    dec	    hex	filename
  11544	     12	   1868	  13424	   3470	semaphore.elf
Finished building: default.size.stdout
 
