2025-11-01 13:04:10,970 [INFO] Activator:176 - 


2025-11-01 13:04:10,975 [INFO] Activator:177 - !SESSION log4j initialized
2025-11-01 13:04:14,742 [INFO] LogOutputStream:77 - [STDOUT_REDIRECT] 
2025-11-01 13:04:15,419 [INFO] ApplicationProperties:184 - Using Application install path: C:\ST\STM32CubeIDE_1.19.0\STM32CubeIDE\plugins\com.st.stm32cube.common.mx_6.15.0.202507011659
2025-11-01 13:04:15,432 [INFO] DbMcusXml:78 - Set database path to: C:\ST\STM32CubeIDE_1.19.0\STM32CubeIDE\plugins\com.st.stm32cube.common.mx_6.15.0.202507011659\\db\/mcu/
2025-11-01 13:04:15,432 [INFO] ApiDb:274 - Set plugin database path to: C:\ST\STM32CubeIDE_1.19.0\STM32CubeIDE\plugins\com.st.stm32cube.common.mx_6.15.0.202507011659\\db\/plugins/boardmanager/
2025-11-01 13:04:15,432 [WARN] ApiDb:259 - Overriding images path with different value:  => C:\ST\STM32CubeIDE_1.19.0\STM32CubeIDE\plugins\com.st.stm32cube.common.mx_6.15.0.202507011659\\db\/plugins/mcufinder/images/
2025-11-01 13:04:15,436 [INFO] ApiDb:250 - Set database path to: C:\Users\akash\.stmcufinder\plugins\mcufinder//mcu/
2025-11-01 13:04:15,437 [INFO] DbMcusAds:125 - Set database path to: C:\Users\akash\.stmcufinder\plugins\mcufinder//mcu/
2025-11-01 13:04:15,439 [INFO] CrossReferenceDbSqlite:203 - Set database path to: C:\Users\akash\.stmcufinder\plugins\mcufinder//mcu/cs/
2025-11-01 13:04:15,526 [INFO] RulesReader:64 - Compatibility file has been processed (317 Rules)
2025-11-01 13:04:15,581 [INFO] DbMcusXml:78 - Set database path to: C:\ST\STM32CubeIDE_1.19.0\STM32CubeIDE\plugins\com.st.stm32cube.common.mx_6.15.0.202507011659\\db\/mcu/
2025-11-01 13:04:15,582 [INFO] ApiDb:274 - Set plugin database path to: C:\ST\STM32CubeIDE_1.19.0\STM32CubeIDE\plugins\com.st.stm32cube.common.mx_6.15.0.202507011659\\db\/plugins/boardmanager/
2025-11-01 13:04:15,582 [INFO] ApiDb:261 - Set plugin images path to: C:\ST\STM32CubeIDE_1.19.0\STM32CubeIDE\plugins\com.st.stm32cube.common.mx_6.15.0.202507011659\\db\/plugins/mcufinder/images/
2025-11-01 13:04:15,582 [WARN] DbFile:41 - Overriding database path with different value: C:\Users\akash\.stmcufinder\plugins\mcufinder/ => C:\Users\akash\.stmcufinder\plugins\mcufinder
2025-11-01 13:04:15,582 [INFO] ApiDb:250 - Set database path to: C:\Users\akash\.stmcufinder\plugins\mcufinder//mcu/
2025-11-01 13:04:15,582 [WARN] DbFile:41 - Overriding database path with different value: C:\Users\akash\.stmcufinder\plugins\mcufinder/ => C:\Users\akash\.stmcufinder\plugins\mcufinder
2025-11-01 13:04:15,582 [INFO] DbMcusAds:125 - Set database path to: C:\Users\akash\.stmcufinder\plugins\mcufinder//mcu/
2025-11-01 13:04:15,582 [WARN] DbFile:41 - Overriding database path with different value: C:\Users\akash\.stmcufinder\plugins\mcufinder/ => C:\Users\akash\.stmcufinder\plugins\mcufinder
2025-11-01 13:04:15,582 [WARN] DbFile:41 - Overriding database path with different value: C:\Users\akash\.stmcufinder\plugins\mcufinder/ => C:\Users\akash\.stmcufinder\plugins\mcufinder
2025-11-01 13:04:15,582 [INFO] CrossReferenceDbSqlite:203 - Set database path to: C:\Users\akash\.stmcufinder\plugins\mcufinder//mcu/cs/
2025-11-01 13:04:15,635 [INFO] MainPanel:274 - HeapMemory: 268435456
2025-11-01 13:04:15,715 [INFO] DbMcusXml:78 - Set database path to: C:\ST\STM32CubeIDE_1.19.0\STM32CubeIDE\plugins\com.st.stm32cube.common.mx_6.15.0.202507011659\\db\/mcu/
2025-11-01 13:04:15,715 [INFO] ApiDb:274 - Set plugin database path to: C:\ST\STM32CubeIDE_1.19.0\STM32CubeIDE\plugins\com.st.stm32cube.common.mx_6.15.0.202507011659\\db\/plugins/boardmanager/
2025-11-01 13:04:15,716 [INFO] ApiDb:261 - Set plugin images path to: C:\ST\STM32CubeIDE_1.19.0\STM32CubeIDE\plugins\com.st.stm32cube.common.mx_6.15.0.202507011659\\db\/plugins/mcufinder/images/
2025-11-01 13:04:15,716 [WARN] DbFile:41 - Overriding database path with different value: C:\Users\akash\.stmcufinder\plugins\mcufinder/ => C:\Users\akash\.stmcufinder\plugins\mcufinder
2025-11-01 13:04:15,716 [INFO] ApiDb:250 - Set database path to: C:\Users\akash\.stmcufinder\plugins\mcufinder//mcu/
2025-11-01 13:04:15,716 [WARN] DbFile:41 - Overriding database path with different value: C:\Users\akash\.stmcufinder\plugins\mcufinder/ => C:\Users\akash\.stmcufinder\plugins\mcufinder
2025-11-01 13:04:15,716 [INFO] DbMcusAds:125 - Set database path to: C:\Users\akash\.stmcufinder\plugins\mcufinder//mcu/
2025-11-01 13:04:15,716 [WARN] DbFile:41 - Overriding database path with different value: C:\Users\akash\.stmcufinder\plugins\mcufinder/ => C:\Users\akash\.stmcufinder\plugins\mcufinder
2025-11-01 13:04:15,716 [WARN] DbFile:41 - Overriding database path with different value: C:\Users\akash\.stmcufinder\plugins\mcufinder/ => C:\Users\akash\.stmcufinder\plugins\mcufinder
2025-11-01 13:04:15,716 [INFO] CrossReferenceDbSqlite:203 - Set database path to: C:\Users\akash\.stmcufinder\plugins\mcufinder//mcu/cs/
2025-11-01 13:04:15,728 [INFO] ApplicationProperties:184 - Using Application install path: C:\ST\STM32CubeIDE_1.19.0\STM32CubeIDE\plugins\com.st.stm32cube.common.mx_6.15.0.202507011659
2025-11-01 13:04:15,729 [INFO] PluginManage:196 - Search for loadable plugins [exclusion list=, ]
2025-11-01 13:04:15,730 [INFO] PluginManage:310 - Check plugin analytics
2025-11-01 13:04:15,878 [INFO] AnalyticsPlugin:253 - Accepted Software Licenses: STM32CubeMX.6.15.0
2025-11-01 13:04:15,878 [INFO] AnalyticsPlugin:255 - Accepted CMSIS Pack Licenses: STMicroelectronics.X-CUBE-AZRTOS-H7.3.3.0
2025-11-01 13:04:15,878 [INFO] AnalyticsPlugin:257 - Accepted Firmware Licenses: FW.H7.1.12.0,FW.G0.1.6.0,FW.G4.1.6.0
2025-11-01 13:04:15,879 [INFO] PluginManage:359 - Loaded plugin analytics (category:tool,tabindex:-1)
2025-11-01 13:04:15,879 [INFO] PluginManage:310 - Check plugin cadmodel
2025-11-01 13:04:15,883 [INFO] CADModel:105 - Init CAD model plugin
2025-11-01 13:04:15,884 [INFO] PluginManage:359 - Loaded plugin cadmodel (category:power,tabindex:5)
2025-11-01 13:04:15,884 [INFO] PluginManage:310 - Check plugin clock
2025-11-01 13:04:15,890 [INFO] PluginManage:359 - Loaded plugin clock (category:base,tabindex:2)
2025-11-01 13:04:15,890 [INFO] PluginManage:310 - Check plugin ddr
2025-11-01 13:04:15,893 [INFO] PluginManage:359 - Loaded plugin ddr (category:tool,tabindex:6)
2025-11-01 13:04:15,893 [INFO] PluginManage:310 - Check plugin filemanager
2025-11-01 13:04:16,007 [INFO] PluginManage:359 - Loaded plugin filemanager (category:base,tabindex:10)
2025-11-01 13:04:16,007 [INFO] PluginManage:310 - Check plugin ipmanager
2025-11-01 13:04:16,013 [INFO] PluginManage:359 - Loaded plugin ipmanager (category:base,tabindex:5)
2025-11-01 13:04:16,013 [INFO] PluginManage:310 - Check plugin lpbam
2025-11-01 13:04:16,018 [INFO] PluginManage:359 - Loaded plugin lpbam (category:base,tabindex:0)
2025-11-01 13:04:16,018 [INFO] PluginManage:310 - Check plugin memorymap
2025-11-01 13:04:16,028 [INFO] PluginManage:359 - Loaded plugin memorymap (category:base,tabindex:4)
2025-11-01 13:04:16,028 [INFO] PluginManage:310 - Check plugin pinoutandconfiguration
2025-11-01 13:04:16,035 [INFO] PluginManage:359 - Loaded plugin pinoutandconfiguration (category:base,tabindex:1)
2025-11-01 13:04:16,035 [INFO] PluginManage:310 - Check plugin pinoutconfig
2025-11-01 13:04:16,107 [WARN] SupportedApi:132 - Cannot load RTOS API schema: s4s-elt-must-match.1: The content of 'definitions' must match (annotation?, (simpleType | complexType)?, (unique | key | keyref)*)). A problem was found starting at: attribute.
2025-11-01 13:04:16,205 [INFO] PluginManage:359 - Loaded plugin pinoutconfig (category:base,tabindex:0)
2025-11-01 13:04:16,205 [INFO] PluginManage:310 - Check plugin power
2025-11-01 13:04:16,213 [INFO] PluginManage:359 - Loaded plugin power (category:power,tabindex:4)
2025-11-01 13:04:16,213 [INFO] PluginManage:310 - Check plugin projectmanager
2025-11-01 13:04:16,224 [INFO] PluginManage:359 - Loaded plugin projectmanager (category:projectmanager,tabindex:4)
2025-11-01 13:04:16,225 [INFO] PluginManage:310 - Check plugin rif
2025-11-01 13:04:16,232 [INFO] PluginManage:359 - Loaded plugin rif (category:base,tabindex:3)
2025-11-01 13:04:16,232 [INFO] PluginManage:310 - Check plugin thirdparty
2025-11-01 13:04:16,331 [INFO] PluginManage:359 - Loaded plugin thirdparty (category:base,tabindex:-1)
2025-11-01 13:04:16,331 [WARN] IntegrityCheckThread:84 - waiting for thirdparty lock release [integrity check]
2025-11-01 13:04:16,333 [INFO] PluginManage:310 - Check plugin tools
2025-11-01 13:04:16,333 [INFO] IntegrityCheckThread:86 - entering critical section [integrity check]
2025-11-01 13:04:16,333 [INFO] ThirdPartyUpdaterWithRetryManager:70 - Updater plugin not ready yet. [1/15]
2025-11-01 13:04:16,335 [INFO] PluginManage:359 - Loaded plugin tools (category:base,tabindex:7)
2025-11-01 13:04:16,335 [INFO] PluginManage:310 - Check plugin tutovideos
2025-11-01 13:04:16,482 [INFO] PluginManage:359 - Loaded plugin tutovideos (category:base,tabindex:-1)
2025-11-01 13:04:16,483 [INFO] PluginManage:310 - Check plugin updater
2025-11-01 13:04:16,498 [INFO] PluginManage:359 - Loaded plugin updater (category:base,tabindex:12)
2025-11-01 13:04:16,499 [INFO] PluginManage:310 - Check plugin userauth
2025-11-01 13:04:16,502 [INFO] UserAuth:118 - Init User Auth plugin
2025-11-01 13:04:16,502 [INFO] PluginManage:359 - Loaded plugin userauth (category:base,tabindex:14)
2025-11-01 13:04:16,503 [INFO] PluginManage:283 - PluginManage : Loaded plugins [18]
2025-11-01 13:04:16,649 [INFO] PinOutPanel:1589 - setPackage(No Configuration,No Configuration)
2025-11-01 13:04:16,710 [INFO] CADModel:165 - CPN selected for project level
2025-11-01 13:04:16,711 [INFO] CADModel:114 - Register for checkConnection events
2025-11-01 13:04:16,725 [INFO] IPUIPlugin:80 - create IPUIPlugin
2025-11-01 13:04:16,726 [INFO] PluginManager:220 - loadIPPluginJar : add adc
2025-11-01 13:04:16,728 [INFO] IPUIPlugin:80 - create IPUIPlugin
2025-11-01 13:04:16,728 [INFO] PluginManager:220 - loadIPPluginJar : add aes
2025-11-01 13:04:16,730 [INFO] IPUIPlugin:80 - create IPUIPlugin
2025-11-01 13:04:16,730 [INFO] PluginManager:220 - loadIPPluginJar : add can
2025-11-01 13:04:16,732 [INFO] IPUIPlugin:80 - create IPUIPlugin
2025-11-01 13:04:16,732 [INFO] PluginManager:220 - loadIPPluginJar : add comp
2025-11-01 13:04:16,734 [INFO] IPUIPlugin:80 - create IPUIPlugin
2025-11-01 13:04:16,734 [INFO] PluginManager:220 - loadIPPluginJar : add cryp
2025-11-01 13:04:16,735 [INFO] IPUIPlugin:80 - create IPUIPlugin
2025-11-01 13:04:16,735 [INFO] PluginManager:220 - loadIPPluginJar : add ddr_ctrl_phy
2025-11-01 13:04:16,739 [INFO] IPUIPlugin:80 - create IPUIPlugin
2025-11-01 13:04:16,739 [INFO] PluginManager:220 - loadIPPluginJar : add dfsdm
2025-11-01 13:04:16,743 [INFO] IPUIPlugin:80 - create IPUIPlugin
2025-11-01 13:04:16,743 [INFO] PluginManager:220 - loadIPPluginJar : add dma
2025-11-01 13:04:16,745 [INFO] IPUIPlugin:80 - create IPUIPlugin
2025-11-01 13:04:16,745 [INFO] PluginManager:220 - loadIPPluginJar : add dma3
2025-11-01 13:04:16,748 [INFO] IPUIPlugin:80 - create IPUIPlugin
2025-11-01 13:04:16,748 [INFO] PluginManager:220 - loadIPPluginJar : add extmemmanager
2025-11-01 13:04:16,748 [INFO] IPUIPlugin:80 - create IPUIPlugin
2025-11-01 13:04:16,749 [INFO] PluginManager:220 - loadIPPluginJar : add fatfs
2025-11-01 13:04:16,752 [INFO] IPUIPlugin:80 - create IPUIPlugin
2025-11-01 13:04:16,752 [INFO] PluginManager:220 - loadIPPluginJar : add fmc
2025-11-01 13:04:16,757 [INFO] IPUIPlugin:80 - create IPUIPlugin
2025-11-01 13:04:16,757 [INFO] PluginManager:220 - loadIPPluginJar : add freertos
2025-11-01 13:04:16,758 [INFO] IPUIPlugin:80 - create IPUIPlugin
2025-11-01 13:04:16,758 [INFO] PluginManager:220 - loadIPPluginJar : add genericplugin
2025-11-01 13:04:16,759 [INFO] IPUIPlugin:80 - create IPUIPlugin
2025-11-01 13:04:16,759 [INFO] PluginManager:220 - loadIPPluginJar : add gfxmmu
2025-11-01 13:04:16,762 [INFO] IPUIPlugin:80 - create IPUIPlugin
2025-11-01 13:04:16,763 [INFO] PluginManager:220 - loadIPPluginJar : add gic
2025-11-01 13:04:16,765 [INFO] IPUIPlugin:80 - create IPUIPlugin
2025-11-01 13:04:16,765 [INFO] PluginManager:220 - loadIPPluginJar : add gpio
2025-11-01 13:04:16,767 [INFO] IPUIPlugin:80 - create IPUIPlugin
2025-11-01 13:04:16,767 [INFO] PluginManager:220 - loadIPPluginJar : add gtzc
2025-11-01 13:04:16,769 [INFO] IPUIPlugin:80 - create IPUIPlugin
2025-11-01 13:04:16,769 [INFO] PluginManager:220 - loadIPPluginJar : add hash
2025-11-01 13:04:16,771 [INFO] IPUIPlugin:80 - create IPUIPlugin
2025-11-01 13:04:16,771 [INFO] PluginManager:220 - loadIPPluginJar : add i2c
2025-11-01 13:04:16,773 [INFO] IPUIPlugin:80 - create IPUIPlugin
2025-11-01 13:04:16,773 [INFO] PluginManager:220 - loadIPPluginJar : add i2s
2025-11-01 13:04:16,774 [INFO] IPUIPlugin:80 - create IPUIPlugin
2025-11-01 13:04:16,774 [INFO] PluginManager:220 - loadIPPluginJar : add i3c
2025-11-01 13:04:16,777 [INFO] IPUIPlugin:80 - create IPUIPlugin
2025-11-01 13:04:16,777 [INFO] PluginManager:220 - loadIPPluginJar : add ipddr
2025-11-01 13:04:16,782 [INFO] IPUIPlugin:80 - create IPUIPlugin
2025-11-01 13:04:16,782 [INFO] PluginManager:220 - loadIPPluginJar : add linkedlist
2025-11-01 13:04:16,784 [INFO] IPUIPlugin:80 - create IPUIPlugin
2025-11-01 13:04:16,784 [INFO] PluginManager:220 - loadIPPluginJar : add lorawan
2025-11-01 13:04:16,785 [INFO] IPUIPlugin:80 - create IPUIPlugin
2025-11-01 13:04:16,785 [INFO] PluginManager:220 - loadIPPluginJar : add ltdc
2025-11-01 13:04:16,791 [INFO] IPUIPlugin:80 - create IPUIPlugin
2025-11-01 13:04:16,791 [INFO] PluginManager:220 - loadIPPluginJar : add mdma
2025-11-01 13:04:16,793 [INFO] IPUIPlugin:80 - create IPUIPlugin
2025-11-01 13:04:16,793 [INFO] PluginManager:220 - loadIPPluginJar : add nvic
2025-11-01 13:04:16,795 [INFO] IPUIPlugin:80 - create IPUIPlugin
2025-11-01 13:04:16,795 [INFO] PluginManager:220 - loadIPPluginJar : add opamp
2025-11-01 13:04:16,797 [INFO] IPUIPlugin:80 - create IPUIPlugin
2025-11-01 13:04:16,797 [INFO] PluginManager:220 - loadIPPluginJar : add openamp
2025-11-01 13:04:16,801 [INFO] IPUIPlugin:80 - create IPUIPlugin
2025-11-01 13:04:16,801 [INFO] PluginManager:220 - loadIPPluginJar : add pdm2pcm
2025-11-01 13:04:16,804 [INFO] IPUIPlugin:80 - create IPUIPlugin
2025-11-01 13:04:16,807 [INFO] PluginManager:220 - loadIPPluginJar : add plateformsettings
2025-11-01 13:04:16,809 [INFO] IPUIPlugin:80 - create IPUIPlugin
2025-11-01 13:04:16,809 [INFO] PluginManager:220 - loadIPPluginJar : add quadspi
2025-11-01 13:04:16,810 [INFO] IPUIPlugin:80 - create IPUIPlugin
2025-11-01 13:04:16,811 [INFO] PluginManager:220 - loadIPPluginJar : add radio
2025-11-01 13:04:16,813 [INFO] IPUIPlugin:80 - create IPUIPlugin
2025-11-01 13:04:16,813 [INFO] PluginManager:220 - loadIPPluginJar : add resmgrutility
2025-11-01 13:04:16,815 [INFO] IPUIPlugin:80 - create IPUIPlugin
2025-11-01 13:04:16,816 [INFO] PluginManager:220 - loadIPPluginJar : add sai
2025-11-01 13:04:16,817 [INFO] IPUIPlugin:80 - create IPUIPlugin
2025-11-01 13:04:16,817 [INFO] PluginManager:220 - loadIPPluginJar : add spi
2025-11-01 13:04:16,822 [INFO] IPUIPlugin:80 - create IPUIPlugin
2025-11-01 13:04:16,822 [INFO] PluginManager:220 - loadIPPluginJar : add stm32_wpan
2025-11-01 13:04:16,823 [INFO] IPUIPlugin:80 - create IPUIPlugin
2025-11-01 13:04:16,823 [INFO] PluginManager:220 - loadIPPluginJar : add tim
2025-11-01 13:04:16,826 [INFO] IPUIPlugin:80 - create IPUIPlugin
2025-11-01 13:04:16,826 [INFO] PluginManager:220 - loadIPPluginJar : add touchsensing
2025-11-01 13:04:16,828 [INFO] IPUIPlugin:80 - create IPUIPlugin
2025-11-01 13:04:16,828 [INFO] PluginManager:220 - loadIPPluginJar : add tracer_emb
2025-11-01 13:04:16,829 [INFO] IPUIPlugin:80 - create IPUIPlugin
2025-11-01 13:04:16,830 [INFO] PluginManager:220 - loadIPPluginJar : add ts
2025-11-01 13:04:16,831 [INFO] IPUIPlugin:80 - create IPUIPlugin
2025-11-01 13:04:16,831 [INFO] PluginManager:220 - loadIPPluginJar : add tsc
2025-11-01 13:04:16,832 [INFO] IPUIPlugin:80 - create IPUIPlugin
2025-11-01 13:04:16,832 [INFO] PluginManager:220 - loadIPPluginJar : add ucpd
2025-11-01 13:04:16,834 [INFO] IPUIPlugin:80 - create IPUIPlugin
2025-11-01 13:04:16,834 [INFO] PluginManager:220 - loadIPPluginJar : add usart
2025-11-01 13:04:16,837 [INFO] IPUIPlugin:80 - create IPUIPlugin
2025-11-01 13:04:16,837 [INFO] PluginManager:220 - loadIPPluginJar : add usbx
2025-11-01 13:04:16,944 [FATAL] Updater:351 - Updater called before beeing initialized
2025-11-01 13:04:16,965 [INFO] RulesReader:64 - Compatibility file has been processed (317 Rules)
2025-11-01 13:04:16,973 [INFO] RulesReader:64 - Compatibility file has been processed (317 Rules)
2025-11-01 13:04:16,978 [INFO] CADModel:165 - CPN selected for project level
2025-11-01 13:04:16,978 [INFO] CADModel:114 - Register for checkConnection events
2025-11-01 13:04:16,978 [FATAL] Updater:351 - Updater called before beeing initialized
2025-11-01 13:04:16,978 [ERROR] CADModel:125 - Updater not yet initialized, retry later 
2025-11-01 13:04:17,080 [FATAL] Updater:351 - Updater called before beeing initialized
2025-11-01 13:04:17,081 [INFO] CADModel:165 - CPN selected for project level
2025-11-01 13:04:17,081 [INFO] CADModel:114 - Register for checkConnection events
2025-11-01 13:04:17,081 [FATAL] Updater:351 - Updater called before beeing initialized
2025-11-01 13:04:17,081 [ERROR] CADModel:125 - Updater not yet initialized, retry later 
2025-11-01 13:04:17,083 [FATAL] Updater:351 - Updater called before beeing initialized
2025-11-01 13:04:17,154 [FATAL] Updater:351 - Updater called before beeing initialized
2025-11-01 13:04:17,158 [INFO] DbMcusAds:53 - JSON generation date=Thu Oct 02 02:36:05 PDT 2025 (1759397765645)
2025-11-01 13:04:17,158 [FATAL] Updater:351 - Updater called before beeing initialized
2025-11-01 13:04:17,186 [WARN] DetailPanel:346 - Failed to get advertising image, set to default
2025-11-01 13:04:17,247 [FATAL] Updater:351 - Updater called before beeing initialized
2025-11-01 13:04:17,249 [FATAL] Updater:351 - Updater called before beeing initialized
2025-11-01 13:04:17,249 [FATAL] Updater:351 - Updater called before beeing initialized
2025-11-01 13:04:17,249 [WARN] DetailPanel:346 - Failed to get advertising image, set to default
2025-11-01 13:04:17,249 [FATAL] Updater:351 - Updater called before beeing initialized
2025-11-01 13:04:17,279 [ERROR] Updater:1198 - MainUpdater not yet initialized. External WinMGr cannot be set.
2025-11-01 13:04:17,280 [INFO] Updater:1134 - Updater Version found : 6.15.0
2025-11-01 13:04:17,293 [INFO] ApplicationProperties:184 - Using Application install path: C:\ST\STM32CubeIDE_1.19.0\STM32CubeIDE\plugins\com.st.stm32cube.common.mx_6.15.0.202507011659
2025-11-01 13:04:18,863 [ERROR] LogOutputStream:75 - [STDERR_REDIRECT] Nov 01, 2025 1:04:18 PM java.util.prefs.WindowsPreferences <init>
2025-11-01 13:04:18,864 [ERROR] LogOutputStream:75 - [STDERR_REDIRECT] WARNING: Could not open/create prefs root node Software\JavaSoft\Prefs at root 0xffffffff80000002. Windows RegCreateKeyEx(...) returned error code 5.
2025-11-01 13:04:18,865 [ERROR] LogOutputStream:75 - [STDERR_REDIRECT] 
2025-11-01 13:04:19,045 [INFO] MainUpdater:2872 - connection check result : 10
2025-11-01 13:04:19,047 [INFO] MainUpdater:289 - Updater Check For Update Now.
2025-11-01 13:04:19,047 [INFO] MicroXplorer:498 - Change Database Version : DB.6.0.150
2025-11-01 13:04:19,051 [INFO] McuFinderGlobals:63 - Set McuFinder mode to 2 (CubeIDE integrated)
2025-11-01 13:04:19,051 [INFO] UserAuth:487 - Internet connection configuration mode: 1
2025-11-01 13:04:19,069 [INFO] JxBrowserEngine:152 - Initiate JxBrowser Engine with user profile folder
2025-11-01 13:04:19,210 [INFO] CheckServerUpdateThread:120 - End of CheckServer Thread
2025-11-01 13:04:19,481 [WARN] PackLoader:240 - Cannot read IP mode file for STMicroelectronics.FP-SNS-MOTENVWB1.1.4.0
2025-11-01 13:04:19,487 [WARN] PackLoader:240 - Cannot read IP mode file for STMicroelectronics.FP-ATR-ASTRA1.2.0.2
2025-11-01 13:04:19,492 [WARN] PackLoader:240 - Cannot read IP mode file for STMicroelectronics.X-CUBE-SMBUS.2.1.0
2025-11-01 13:04:19,496 [WARN] PackLoader:240 - Cannot read IP mode file for STMicroelectronics.X-CUBE-ST60.1.0.0
2025-11-01 13:04:19,518 [WARN] PackLoader:240 - Cannot read IP mode file for STMicroelectronics.X-CUBE-AZRTOS-F7.1.1.0
2025-11-01 13:04:19,522 [WARN] PackLoader:240 - Cannot read IP mode file for STMicroelectronics.FP-SNS-MOTENV1.5.1.0
2025-11-01 13:04:19,540 [WARN] PackLoader:240 - Cannot read IP mode file for Infineon.AIROC-Wi-Fi-Bluetooth-STM32.1.7.1
2025-11-01 13:04:19,560 [WARN] PackLoader:240 - Cannot read IP mode file for STMicroelectronics.X-CUBE-AZRTOS-H7.3.4.0
2025-11-01 13:04:19,568 [WARN] PackLoader:240 - Cannot read IP mode file for STMicroelectronics.X-CUBE-DISPLAY.3.0.0
2025-11-01 13:04:19,575 [WARN] PackLoader:240 - Cannot read IP mode file for STMicroelectronics.X-CUBE-NFC10.1.0.0
2025-11-01 13:04:19,579 [WARN] PackLoader:240 - Cannot read IP mode file for STMicroelectronics.X-CUBE-ST60.1.1.0
2025-11-01 13:04:19,584 [WARN] PackLoader:240 - Cannot read IP mode file for emotas.I-CUBE-CANOPEN.1.3.0
2025-11-01 13:04:19,587 [WARN] PackLoader:240 - Cannot read IP mode file for STMicroelectronics.X-CUBE-GNSS1.7.1.0
2025-11-01 13:04:19,593 [WARN] PackLoader:240 - Cannot read IP mode file for STMicroelectronics.FP-SNS-STBOX1.2.1.0
2025-11-01 13:04:19,597 [WARN] PackLoader:240 - Cannot read IP mode file for STMicroelectronics.FP-SNS-SMARTAG2.1.2.0
2025-11-01 13:04:19,600 [WARN] PackLoader:240 - Cannot read IP mode file for STMicroelectronics.FP-SNS-FLIGHT1.5.1.0
2025-11-01 13:04:19,607 [INFO] LogOutputStream:77 - [STDOUT_REDIRECT] 1 : Invalid condition id : UX_CORESTACK_Condition cause : null
2025-11-01 13:04:19,607 [INFO] LogOutputStream:77 - [STDOUT_REDIRECT] 1 : Invalid condition id : UX_CORESTACK_Condition cause : null
2025-11-01 13:04:19,608 [INFO] LogOutputStream:77 - [STDOUT_REDIRECT] 1 : Invalid condition id : UX_CORESTACK_Condition cause : null
2025-11-01 13:04:19,609 [INFO] LogOutputStream:77 - [STDOUT_REDIRECT] 1 : Invalid condition id : UX_CORESTACK_Condition cause : null
2025-11-01 13:04:19,610 [INFO] LogOutputStream:77 - [STDOUT_REDIRECT] 1 : Invalid condition id : UX_CORESTACK_Condition cause : null
2025-11-01 13:04:19,612 [WARN] PackLoader:240 - Cannot read IP mode file for STMicroelectronics.X-CUBE-AZRTOS-WL.2.0.0
2025-11-01 13:04:19,616 [WARN] PackLoader:240 - Cannot read IP mode file for STMicroelectronics.FP-SNS-MOTENV1.5.0.0
2025-11-01 13:04:19,624 [WARN] PackLoader:240 - Cannot read IP mode file for WES.I-CUBE-Cesium.1.3.0
2025-11-01 13:04:19,627 [WARN] PackLoader:240 - Cannot read IP mode file for STMicroelectronics.X-CUBE-BLE2.3.3.0
2025-11-01 13:04:19,632 [WARN] PackLoader:240 - Cannot read IP mode file for STMicroelectronics.X-CUBE-NFC9.1.0.0
2025-11-01 13:04:19,637 [WARN] PackLoader:240 - Cannot read IP mode file for wolfSSL.I-CUBE-wolfSSL.5.8.0
2025-11-01 13:04:19,640 [WARN] PackLoader:240 - Cannot read IP mode file for STMicroelectronics.X-CUBE-BLE1.7.1.0
2025-11-01 13:04:19,643 [WARN] PackLoader:240 - Cannot read IP mode file for wolfSSL.I-CUBE-wolfMQTT.1.19.2
2025-11-01 13:04:19,647 [WARN] PackLoader:240 - Cannot read IP mode file for STMicroelectronics.X-CUBE-EEPRMA1.5.2.0
2025-11-01 13:04:19,663 [WARN] PackLoader:240 - Cannot read IP mode file for STMicroelectronics.X-CUBE-ST67W61.1.1.0
2025-11-01 13:04:19,667 [WARN] PackLoader:240 - Cannot read IP mode file for STMicroelectronics.X-CUBE-AI.10.1.0
2025-11-01 13:04:19,676 [WARN] PackLoader:240 - Cannot read IP mode file for STMicroelectronics.X-CUBE-AZRTOS-G0.1.1.0
2025-11-01 13:04:19,682 [WARN] PackLoader:240 - Cannot read IP mode file for STMicroelectronics.X-CUBE-SAFEA1.1.2.2
2025-11-01 13:04:19,686 [WARN] PackLoader:240 - Cannot read IP mode file for STMicroelectronics.X-CUBE-NFC4.3.0.0
2025-11-01 13:04:19,692 [WARN] PackLoader:240 - Cannot read IP mode file for EmbeddedOffice.I-CUBE-FS-RTOS.1.0.1
2025-11-01 13:04:19,695 [WARN] PackLoader:240 - Cannot read IP mode file for STMicroelectronics.X-CUBE-WB05N.2.0.0
2025-11-01 13:04:19,698 [WARN] PackLoader:240 - Cannot read IP mode file for wolfSSL.I-CUBE-wolfTPM.3.8.0
2025-11-01 13:04:19,701 [WARN] PackLoader:240 - Cannot read IP mode file for STMicroelectronics.X-CUBE-TCPP.4.2.0
2025-11-01 13:04:19,706 [WARN] PackLoader:240 - Cannot read IP mode file for RealThread.X-CUBE-RT-Thread_Nano.4.1.1
2025-11-01 13:04:19,708 [WARN] PackLoader:240 - Cannot read IP mode file for STMicroelectronics.FP-ATR-SIGFOX1.3.2.0
2025-11-01 13:04:19,712 [WARN] PackLoader:240 - Cannot read IP mode file for ITTIA_DB.I-CUBE-ITTIADB.8.9.0
2025-11-01 13:04:19,715 [WARN] PackLoader:240 - Cannot read IP mode file for STMicroelectronics.X-CUBE-ST67W61.1.0.0
2025-11-01 13:04:19,717 [WARN] PackLoader:240 - Cannot read IP mode file for STMicroelectronics.X-CUBE-AI.10.2.0
2025-11-01 13:04:19,734 [WARN] PackLoader:240 - Cannot read IP mode file for SEGGER.I-CUBE-embOS.1.3.1
2025-11-01 13:04:19,758 [WARN] PackLoader:240 - Cannot read IP mode file for STMicroelectronics.X-CUBE-ALGOBUILD.1.4.0
2025-11-01 13:04:19,786 [WARN] PackLoader:240 - Cannot read IP mode file for STMicroelectronics.X-CUBE-MEMS1.11.3.0
2025-11-01 13:04:19,908 [WARN] PackLoader:240 - Cannot read IP mode file for STMicroelectronics.X-CUBE-PM33A1.1.0.0
2025-11-01 13:04:19,922 [WARN] PackLoader:240 - Cannot read IP mode file for STMicroelectronics.X-CUBE-AZRTOS-F4.1.1.0
2025-11-01 13:04:19,928 [WARN] PackLoader:240 - Cannot read IP mode file for Avnet-IotConnect.X-CUBE-IoTC-DA16k-PMOD.1.0.0
2025-11-01 13:04:19,932 [WARN] PackLoader:240 - Cannot read IP mode file for STMicroelectronics.X-CUBE-ISPU.2.1.0
2025-11-01 13:04:19,947 [WARN] PackLoader:240 - Cannot read IP mode file for STMicroelectronics.X-CUBE-IPS.3.2.0
2025-11-01 13:04:19,959 [WARN] PackLoader:240 - Cannot read IP mode file for STMicroelectronics.X-CUBE-NFC12.1.0.0
2025-11-01 13:04:19,976 [WARN] PackLoader:240 - Cannot read IP mode file for STMicroelectronics.X-CUBE-AZRTOS-L5.2.0.0
2025-11-01 13:04:19,985 [WARN] PackLoader:240 - Cannot read IP mode file for STMicroelectronics.X-CUBE-NFC6.3.1.0
2025-11-01 13:04:19,992 [WARN] PackLoader:240 - Cannot read IP mode file for STMicroelectronics.X-CUBE-FREERTOS.1.3.1
2025-11-01 13:04:19,996 [WARN] PackLoader:240 - Cannot read IP mode file for STMicroelectronics.X-CUBE-TOUCHGFX.4.26.0
2025-11-01 13:04:20,000 [WARN] PackLoader:240 - Cannot read IP mode file for STMicroelectronics.FP-SNS-STAIOTCFT.1.0.0
2025-11-01 13:04:20,008 [WARN] PackLoader:240 - Cannot read IP mode file for STMicroelectronics.X-CUBE-DPower.1.3.0
2025-11-01 13:04:20,021 [WARN] ConditionMgr:438 - getConditionDescription Invalid condition id : LAN8742 Phy interface Condition cause : null
2025-11-01 13:04:20,022 [WARN] PackLoader:240 - Cannot read IP mode file for STMicroelectronics.X-CUBE-AZRTOS-L4.2.0.0
2025-11-01 13:04:20,023 [WARN] ConditionMgr:1044 - genDependencies : Invalid condition id : LAN8742 Phy interface Condition cause : null
2025-11-01 13:04:20,023 [WARN] ConditionMgr:1044 - genDependencies : Invalid condition id : LAN8742 Phy interface Condition cause : null
2025-11-01 13:04:20,023 [WARN] ConditionMgr:1044 - genDependencies : Invalid condition id : LAN8742 Phy interface Condition cause : null
2025-11-01 13:04:20,029 [WARN] PackLoader:240 - Cannot read IP mode file for STMicroelectronics.X-CUBE-SFXS2LP1.4.0.0
2025-11-01 13:04:20,043 [WARN] PackLoader:240 - Cannot read IP mode file for STMicroelectronics.X-CUBE-AZRTOS-H7.3.3.0
2025-11-01 13:04:20,143 [INFO] WebApp:169 - Instantiating new browser for Auth
2025-11-01 13:04:20,226 [WARN] PackLoader:240 - Cannot read IP mode file for STMicroelectronics.X-CUBE-BLEMGR.4.1.0
2025-11-01 13:04:20,236 [WARN] ConditionMgr:438 - getConditionDescription Invalid condition id : UX DEVICE CLASS RTOS Condition cause : null
2025-11-01 13:04:20,237 [WARN] ConditionMgr:438 - getConditionDescription Invalid condition id : UX DEVICE CLASS RTOS Condition cause : null
2025-11-01 13:04:20,238 [WARN] PackLoader:240 - Cannot read IP mode file for STMicroelectronics.X-CUBE-AZRTOS-WB.2.0.0
2025-11-01 13:04:20,238 [WARN] ConditionMgr:1044 - genDependencies : Invalid condition id : UX DEVICE CLASS RTOS Condition cause : null
2025-11-01 13:04:20,238 [WARN] ConditionMgr:1044 - genDependencies : Invalid condition id : UX DEVICE CLASS RTOS Condition cause : null
2025-11-01 13:04:20,238 [WARN] ConditionMgr:1044 - genDependencies : Invalid condition id : UX DEVICE CLASS RTOS Condition cause : null
2025-11-01 13:04:20,239 [WARN] ConditionMgr:1044 - genDependencies : Invalid condition id : UX DEVICE CLASS RTOS Condition cause : null
2025-11-01 13:04:20,239 [WARN] ConditionMgr:1044 - genDependencies : Invalid condition id : UX DEVICE CLASS RTOS Condition cause : null
2025-11-01 13:04:20,241 [WARN] PackLoader:240 - Cannot read IP mode file for STMicroelectronics.X-CUBE-GNSS1.7.0.1
2025-11-01 13:04:20,244 [WARN] PackLoader:240 - Cannot read IP mode file for STMicroelectronics.X-CUBE-TOUCHGFX.4.25.0
2025-11-01 13:04:20,247 [WARN] PackLoader:240 - Cannot read IP mode file for STMicroelectronics.FP-SNS-STBOX1.2.0.0
2025-11-01 13:04:20,251 [WARN] ConditionMgr:438 - getConditionDescription Invalid condition id : Cortex-A Device cause : null
2025-11-01 13:04:20,258 [WARN] ConditionMgr:1044 - genDependencies : Invalid condition id : Cortex-A Device cause : null
2025-11-01 13:04:20,258 [WARN] ConditionMgr:1044 - genDependencies : Invalid condition id : Cortex-A Device cause : null
2025-11-01 13:04:20,258 [WARN] ConditionMgr:1044 - genDependencies : Invalid condition id : Cortex-A Device cause : null
2025-11-01 13:04:20,263 [WARN] PackLoader:240 - Cannot read IP mode file for STMicroelectronics.X-CUBE-SUBG2.5.0.0
2025-11-01 13:04:20,276 [WARN] PackLoader:240 - Cannot read IP mode file for STMicroelectronics.X-CUBE-AZRTOS-H7RS.1.1.0
2025-11-01 13:04:20,280 [WARN] PackLoader:240 - Cannot read IP mode file for Cesanta.I-CUBE-Mongoose.7.13.0
2025-11-01 13:04:20,289 [WARN] PackLoader:240 - Cannot read IP mode file for STMicroelectronics.X-CUBE-AZRTOS-G4.2.0.0
2025-11-01 13:04:20,291 [WARN] PackLoader:240 - Cannot read IP mode file for wolfSSL.I-CUBE-wolfSSH.1.4.20
2025-11-01 13:04:20,293 [WARN] PackLoader:240 - Cannot read IP mode file for STMicroelectronics.X-CUBE-NFC7.2.0.0
2025-11-01 13:04:20,301 [WARN] PackLoader:240 - Cannot read IP mode file for STMicroelectronics.X-CUBE-IPS.3.1.0
2025-11-01 13:04:20,311 [WARN] PackLoader:240 - Cannot read IP mode file for STMicroelectronics.X-CUBE-ALS.1.0.2
2025-11-01 13:04:20,314 [WARN] PackLoader:240 - Cannot read IP mode file for STMicroelectronics.X-CUBE-STSE01.1.0.0
2025-11-01 13:04:20,318 [WARN] PackLoader:240 - Cannot read IP mode file for portGmbH.I-Cube-SoM-uGOAL.1.1.0
2025-11-01 13:04:20,324 [WARN] PackLoader:240 - Cannot read IP mode file for STMicroelectronics.X-CUBE-TOF1.3.4.3
2025-11-01 13:04:20,330 [INFO] ThirdParty:978 - Integrity check success = true
2025-11-01 13:04:20,330 [INFO] IntegrityCheckThread:100 - exiting critical section [integrity check]
2025-11-01 13:04:20,330 [INFO] IntegrityCheckThread:103 - End integrity checks thread
2025-11-01 13:04:20,735 [INFO] WebApp:463 - Apply proxy settings
2025-11-01 13:04:20,735 [INFO] WebApp:548 - Chromium requires no authentication
2025-11-01 13:04:20,742 [INFO] WebApp:491 - Direct internet connection detected
2025-11-01 13:04:20,759 [INFO] WebApp:900 - Register for checkConnection events
2025-11-01 13:04:20,759 [INFO] WebApp:463 - Apply proxy settings
2025-11-01 13:04:20,759 [INFO] WebApp:548 - Chromium requires no authentication
2025-11-01 13:04:20,760 [INFO] WebApp:491 - Direct internet connection detected
2025-11-01 13:04:20,896 [INFO] WebApp:225 - Starting web application
2025-11-01 13:04:20,896 [INFO] WebApp:593 - Web application path used C:\ST\STM32CubeIDE_1.19.0\STM32CubeIDE\plugins\com.st.stm32cube.common.mx_6.15.0.202507011659\db\plugins\mcufinder\reactClient1\index.html
2025-11-01 13:04:20,904 [INFO] WebApp:191 - Connection restablished
2025-11-01 13:04:21,034 [INFO] UserAuth:487 - Internet connection configuration mode: 1
2025-11-01 13:04:21,269 [ERROR] LogOutputStream:75 - [STDERR_REDIRECT] [Fatal Error] :1:1: Premature end of file.
2025-11-01 13:04:21,269 [ERROR] LogOutputStream:75 - [STDERR_REDIRECT] 
2025-11-01 13:04:22,092 [ERROR] LogOutputStream:75 - [STDERR_REDIRECT] [Fatal Error] :1:1: Premature end of file.
2025-11-01 13:04:22,092 [ERROR] LogOutputStream:75 - [STDERR_REDIRECT] 
2025-11-01 13:04:23,094 [ERROR] LogOutputStream:75 - [STDERR_REDIRECT] [Fatal Error] :1:1: Premature end of file.
2025-11-01 13:04:23,095 [ERROR] LogOutputStream:75 - [STDERR_REDIRECT] 
2025-11-01 13:04:24,087 [ERROR] LogOutputStream:75 - [STDERR_REDIRECT] [Fatal Error] :1:1: Premature end of file.
2025-11-01 13:04:24,087 [ERROR] LogOutputStream:75 - [STDERR_REDIRECT] 
2025-11-01 13:04:25,089 [ERROR] LogOutputStream:75 - [STDERR_REDIRECT] [Fatal Error] :1:1: Premature end of file.
2025-11-01 13:04:25,089 [ERROR] LogOutputStream:75 - [STDERR_REDIRECT] 
2025-11-01 13:04:26,085 [ERROR] LogOutputStream:75 - [STDERR_REDIRECT] [Fatal Error] :1:1: Premature end of file.
2025-11-01 13:04:26,085 [ERROR] LogOutputStream:75 - [STDERR_REDIRECT] 
2025-11-01 13:04:27,078 [ERROR] LogOutputStream:75 - [STDERR_REDIRECT] [Fatal Error] :1:1: Premature end of file.
2025-11-01 13:04:27,078 [ERROR] LogOutputStream:75 - [STDERR_REDIRECT] 
2025-11-01 13:04:28,081 [ERROR] LogOutputStream:75 - [STDERR_REDIRECT] [Fatal Error] :1:1: Premature end of file.
2025-11-01 13:04:28,081 [ERROR] LogOutputStream:75 - [STDERR_REDIRECT] 
2025-11-01 13:04:29,087 [ERROR] LogOutputStream:75 - [STDERR_REDIRECT] [Fatal Error] :1:1: Premature end of file.
2025-11-01 13:04:29,087 [ERROR] LogOutputStream:75 - [STDERR_REDIRECT] 
2025-11-01 13:04:30,094 [ERROR] LogOutputStream:75 - [STDERR_REDIRECT] [Fatal Error] :1:1: Premature end of file.
2025-11-01 13:04:30,094 [ERROR] LogOutputStream:75 - [STDERR_REDIRECT] 
2025-11-01 13:04:31,087 [ERROR] LogOutputStream:75 - [STDERR_REDIRECT] [Fatal Error] :1:1: Premature end of file.
2025-11-01 13:04:31,088 [ERROR] LogOutputStream:75 - [STDERR_REDIRECT] 
2025-11-01 13:04:32,080 [ERROR] LogOutputStream:75 - [STDERR_REDIRECT] [Fatal Error] :1:1: Premature end of file.
2025-11-01 13:04:32,081 [ERROR] LogOutputStream:75 - [STDERR_REDIRECT] 
2025-11-01 13:04:33,085 [ERROR] LogOutputStream:75 - [STDERR_REDIRECT] [Fatal Error] :1:1: Premature end of file.
2025-11-01 13:04:33,086 [ERROR] LogOutputStream:75 - [STDERR_REDIRECT] 
2025-11-01 13:04:34,075 [ERROR] LogOutputStream:75 - [STDERR_REDIRECT] [Fatal Error] :1:1: Premature end of file.
2025-11-01 13:04:34,075 [ERROR] LogOutputStream:75 - [STDERR_REDIRECT] 
2025-11-01 13:04:35,086 [ERROR] LogOutputStream:75 - [STDERR_REDIRECT] [Fatal Error] :1:1: Premature end of file.
2025-11-01 13:04:35,086 [ERROR] LogOutputStream:75 - [STDERR_REDIRECT] 
2025-11-01 13:04:36,076 [ERROR] LogOutputStream:75 - [STDERR_REDIRECT] [Fatal Error] :1:1: Premature end of file.
2025-11-01 13:04:36,076 [ERROR] LogOutputStream:75 - [STDERR_REDIRECT] 
2025-11-01 13:04:37,083 [ERROR] LogOutputStream:75 - [STDERR_REDIRECT] [Fatal Error] :1:1: Premature end of file.
2025-11-01 13:04:37,084 [ERROR] LogOutputStream:75 - [STDERR_REDIRECT] 
2025-11-01 13:04:38,077 [ERROR] LogOutputStream:75 - [STDERR_REDIRECT] [Fatal Error] :1:1: Premature end of file.
2025-11-01 13:04:38,077 [ERROR] LogOutputStream:75 - [STDERR_REDIRECT] 
2025-11-01 13:04:39,075 [ERROR] LogOutputStream:75 - [STDERR_REDIRECT] [Fatal Error] :1:1: Premature end of file.
2025-11-01 13:04:39,075 [ERROR] LogOutputStream:75 - [STDERR_REDIRECT] 
2025-11-01 13:04:40,077 [ERROR] LogOutputStream:75 - [STDERR_REDIRECT] [Fatal Error] :1:1: Premature end of file.
2025-11-01 13:04:40,077 [ERROR] LogOutputStream:75 - [STDERR_REDIRECT] 
2025-11-01 13:04:41,104 [ERROR] LogOutputStream:75 - [STDERR_REDIRECT] [Fatal Error] :1:1: Premature end of file.
2025-11-01 13:04:41,105 [ERROR] LogOutputStream:75 - [STDERR_REDIRECT] 
2025-11-01 13:04:42,078 [ERROR] LogOutputStream:75 - [STDERR_REDIRECT] [Fatal Error] :1:1: Premature end of file.
2025-11-01 13:04:42,079 [ERROR] LogOutputStream:75 - [STDERR_REDIRECT] 
2025-11-01 13:04:43,076 [ERROR] LogOutputStream:75 - [STDERR_REDIRECT] [Fatal Error] :1:1: Premature end of file.
2025-11-01 13:04:43,076 [ERROR] LogOutputStream:75 - [STDERR_REDIRECT] 
2025-11-01 13:04:44,116 [ERROR] LogOutputStream:75 - [STDERR_REDIRECT] [Fatal Error] :1:1: Premature end of file.
2025-11-01 13:04:44,116 [ERROR] LogOutputStream:75 - [STDERR_REDIRECT] 
2025-11-01 13:04:45,080 [ERROR] LogOutputStream:75 - [STDERR_REDIRECT] [Fatal Error] :1:1: Premature end of file.
2025-11-01 13:04:45,080 [ERROR] LogOutputStream:75 - [STDERR_REDIRECT] 
2025-11-01 13:04:46,078 [ERROR] LogOutputStream:75 - [STDERR_REDIRECT] [Fatal Error] :1:1: Premature end of file.
2025-11-01 13:04:46,079 [ERROR] LogOutputStream:75 - [STDERR_REDIRECT] 
2025-11-01 13:04:47,087 [ERROR] LogOutputStream:75 - [STDERR_REDIRECT] [Fatal Error] :1:1: Premature end of file.
2025-11-01 13:04:47,087 [ERROR] LogOutputStream:75 - [STDERR_REDIRECT] 
2025-11-01 13:04:48,093 [ERROR] LogOutputStream:75 - [STDERR_REDIRECT] [Fatal Error] :1:1: Premature end of file.
2025-11-01 13:04:48,094 [ERROR] LogOutputStream:75 - [STDERR_REDIRECT] 
2025-11-01 13:04:49,081 [ERROR] LogOutputStream:75 - [STDERR_REDIRECT] [Fatal Error] :1:1: Premature end of file.
2025-11-01 13:04:49,081 [ERROR] LogOutputStream:75 - [STDERR_REDIRECT] 
2025-11-01 13:04:50,084 [ERROR] LogOutputStream:75 - [STDERR_REDIRECT] [Fatal Error] :1:1: Premature end of file.
2025-11-01 13:04:50,084 [ERROR] LogOutputStream:75 - [STDERR_REDIRECT] 
2025-11-01 13:04:51,090 [ERROR] LogOutputStream:75 - [STDERR_REDIRECT] [Fatal Error] :1:1: Premature end of file.
2025-11-01 13:04:51,091 [ERROR] LogOutputStream:75 - [STDERR_REDIRECT] 
2025-11-01 13:04:52,092 [ERROR] LogOutputStream:75 - [STDERR_REDIRECT] [Fatal Error] :1:1: Premature end of file.
2025-11-01 13:04:52,093 [ERROR] LogOutputStream:75 - [STDERR_REDIRECT] 
2025-11-01 13:04:53,090 [ERROR] LogOutputStream:75 - [STDERR_REDIRECT] [Fatal Error] :1:1: Premature end of file.
2025-11-01 13:04:53,091 [ERROR] LogOutputStream:75 - [STDERR_REDIRECT] 
2025-11-01 13:04:54,082 [ERROR] LogOutputStream:75 - [STDERR_REDIRECT] [Fatal Error] :1:1: Premature end of file.
2025-11-01 13:04:54,083 [ERROR] LogOutputStream:75 - [STDERR_REDIRECT] 
2025-11-01 13:04:55,089 [ERROR] LogOutputStream:75 - [STDERR_REDIRECT] [Fatal Error] :1:1: Premature end of file.
2025-11-01 13:04:55,089 [ERROR] LogOutputStream:75 - [STDERR_REDIRECT] 
2025-11-01 13:04:56,088 [ERROR] LogOutputStream:75 - [STDERR_REDIRECT] [Fatal Error] :1:1: Premature end of file.
2025-11-01 13:04:56,088 [ERROR] LogOutputStream:75 - [STDERR_REDIRECT] 
2025-11-01 13:04:57,078 [ERROR] LogOutputStream:75 - [STDERR_REDIRECT] [Fatal Error] :1:1: Premature end of file.
2025-11-01 13:04:57,079 [ERROR] LogOutputStream:75 - [STDERR_REDIRECT] 
2025-11-01 13:04:58,086 [ERROR] LogOutputStream:75 - [STDERR_REDIRECT] [Fatal Error] :1:1: Premature end of file.
2025-11-01 13:04:58,086 [ERROR] LogOutputStream:75 - [STDERR_REDIRECT] 
2025-11-01 13:04:59,109 [ERROR] LogOutputStream:75 - [STDERR_REDIRECT] [Fatal Error] :1:1: Premature end of file.
2025-11-01 13:04:59,110 [ERROR] LogOutputStream:75 - [STDERR_REDIRECT] 
2025-11-01 13:05:00,078 [ERROR] LogOutputStream:75 - [STDERR_REDIRECT] [Fatal Error] :1:1: Premature end of file.
2025-11-01 13:05:00,078 [ERROR] LogOutputStream:75 - [STDERR_REDIRECT] 
2025-11-01 13:05:01,077 [ERROR] LogOutputStream:75 - [STDERR_REDIRECT] [Fatal Error] :1:1: Premature end of file.
2025-11-01 13:05:01,077 [ERROR] LogOutputStream:75 - [STDERR_REDIRECT] 
2025-11-01 13:05:02,076 [ERROR] LogOutputStream:75 - [STDERR_REDIRECT] [Fatal Error] :1:1: Premature end of file.
2025-11-01 13:05:02,076 [ERROR] LogOutputStream:75 - [STDERR_REDIRECT] 
2025-11-01 13:05:03,076 [ERROR] LogOutputStream:75 - [STDERR_REDIRECT] [Fatal Error] :1:1: Premature end of file.
2025-11-01 13:05:03,076 [ERROR] LogOutputStream:75 - [STDERR_REDIRECT] 
2025-11-01 13:05:04,079 [ERROR] LogOutputStream:75 - [STDERR_REDIRECT] [Fatal Error] :1:1: Premature end of file.
2025-11-01 13:05:04,079 [ERROR] LogOutputStream:75 - [STDERR_REDIRECT] 
2025-11-01 13:05:05,077 [ERROR] LogOutputStream:75 - [STDERR_REDIRECT] [Fatal Error] :1:1: Premature end of file.
2025-11-01 13:05:05,077 [ERROR] LogOutputStream:75 - [STDERR_REDIRECT] 
2025-11-01 13:05:06,098 [ERROR] LogOutputStream:75 - [STDERR_REDIRECT] [Fatal Error] :1:1: Premature end of file.
2025-11-01 13:05:06,098 [ERROR] LogOutputStream:75 - [STDERR_REDIRECT] 
2025-11-01 13:05:07,077 [ERROR] LogOutputStream:75 - [STDERR_REDIRECT] [Fatal Error] :1:1: Premature end of file.
2025-11-01 13:05:07,077 [ERROR] LogOutputStream:75 - [STDERR_REDIRECT] 
2025-11-01 13:05:08,076 [ERROR] LogOutputStream:75 - [STDERR_REDIRECT] [Fatal Error] :1:1: Premature end of file.
2025-11-01 13:05:08,076 [ERROR] LogOutputStream:75 - [STDERR_REDIRECT] 
2025-11-01 13:05:09,079 [ERROR] LogOutputStream:75 - [STDERR_REDIRECT] [Fatal Error] :1:1: Premature end of file.
2025-11-01 13:05:09,079 [ERROR] LogOutputStream:75 - [STDERR_REDIRECT] 
2025-11-01 13:05:10,078 [ERROR] LogOutputStream:75 - [STDERR_REDIRECT] [Fatal Error] :1:1: Premature end of file.
2025-11-01 13:05:10,078 [ERROR] LogOutputStream:75 - [STDERR_REDIRECT] 
2025-11-01 13:05:11,076 [ERROR] LogOutputStream:75 - [STDERR_REDIRECT] [Fatal Error] :1:1: Premature end of file.
2025-11-01 13:05:11,076 [ERROR] LogOutputStream:75 - [STDERR_REDIRECT] 
2025-11-01 13:05:12,076 [ERROR] LogOutputStream:75 - [STDERR_REDIRECT] [Fatal Error] :1:1: Premature end of file.
2025-11-01 13:05:12,076 [ERROR] LogOutputStream:75 - [STDERR_REDIRECT] 
2025-11-01 13:05:13,077 [ERROR] LogOutputStream:75 - [STDERR_REDIRECT] [Fatal Error] :1:1: Premature end of file.
2025-11-01 13:05:13,077 [ERROR] LogOutputStream:75 - [STDERR_REDIRECT] 
2025-11-01 13:05:14,082 [ERROR] LogOutputStream:75 - [STDERR_REDIRECT] [Fatal Error] :1:1: Premature end of file.
2025-11-01 13:05:14,084 [ERROR] LogOutputStream:75 - [STDERR_REDIRECT] 
2025-11-01 13:05:14,379 [ERROR] LogOutputStream:75 - [STDERR_REDIRECT] 
